10 类  130 列  训练 16-09-23
平滑窗 kb=3（在 16-09-30 上选，与 C3 同法）

专用二分类器 lr/掩lenhist（C3 确证中 Belkin 实际选中的配置）

  16-09-30  区 n=  5321  在位者 区上=0.5097  端到端=0.8937
  16-10-11  区 n=  5086  在位者 区上=0.6294  端到端=0.9168
  16-10-12  区 n=  2942  在位者 区上=0.6322  端到端=0.9164

====================================================================================
=== 区上 ===
day             16-09-30  16-10-11  16-10-12
arm       w                                 
A 专用原始    0.00    0.5112    0.6302    0.6339
          0.25    0.5666    0.6722    0.6734
          0.50    0.5781    0.6844    0.6812
          0.75    0.5762    0.6846    0.6910
          1.00    0.6029    0.6188    0.6275
B 专用同口径平滑 0.00    0.5112    0.6302    0.6339
          0.25    0.5839    0.6870    0.7016
          0.50    0.7036    0.7578    0.7712
          0.75    0.7151    0.7725    0.7797
          1.00    0.7835    0.7804    0.7876

在位者：
day
16-09-30    0.5097
16-10-11    0.6294
16-10-12    0.6322

====================================================================================
=== 端到端 ===
day             16-09-30  16-10-11  16-10-12
arm       w                                 
A 专用原始    0.00    0.8940    0.9170    0.9168
          0.25    0.9048    0.9252    0.9245
          0.50    0.9074    0.9275    0.9260
          0.75    0.9075    0.9282    0.9286
          1.00    0.9132    0.9205    0.9221
B 专用同口径平滑 0.00    0.8940    0.9170    0.9168
          0.25    0.9078    0.9278    0.9296
          0.50    0.9302    0.9405    0.9420
          0.75    0.9324    0.9431    0.9435
          1.00    0.9448    0.9454    0.9462

在位者：
day
16-09-30    0.8937
16-10-11    0.9168
16-10-12    0.9164

====================================================================================
=== 判读 ===
  16-09-30  在位者 0.5097
        A 峰 w=1.00 0.6029（w=0.5 时 0.5781, +0.0684）
        B 峰 w=1.00 0.7835（w=0.5 时 0.7036, +0.1939）   B−A@0.5 = +0.1255
  16-10-11  在位者 0.6294
        A 峰 w=0.75 0.6846（w=0.5 时 0.6844, +0.0551）
        B 峰 w=1.00 0.7804（w=0.5 时 0.7578, +0.1284）   B−A@0.5 = +0.0733
  16-10-12  在位者 0.6322
        A 峰 w=0.75 0.6910（w=0.5 时 0.6812, +0.0489）
        B 峰 w=1.00 0.7876（w=0.5 时 0.7712, +0.1390）   B−A@0.5 = +0.0901

  B>A 且 w=0.5 仍在峰附近 → 修法有效且不需重新调参；
  B≈A → 缺陷 2 降为记号问题；  B<A → 推断反了，如实记，不得按结果改判据。
