C3 确证测试   协议 docs/PROTOCOL_C3_CONFIRMATORY_20260905.md   登记 C3-CONFIRM-UNSW16 @ 59372d1

类集 = 训练∩选参∩保留16天 的 day_gate 交集 = 10 类
    AmazonEcho
    BelkinWemoMotion
    BelkinWemoSwitch
    Dropcam
    HPPrinter
    NetatmoWeather
    NetatmoWelcome
    SamsungSmartCam
    SmartThings
    TribySpeaker

####################################################################################################
### 臂 A —— 诊断仪器（因果计数聚合 + Hellinger + kNN5）
####################################################################################################
训练天 16-09-23: 60482 窗   11s
源天词表 194 项（协议要求：只从 16-09-23 导出）
  k=  1 训练集 (48282, 194)   11s
  k=  3 训练集 (48282, 194)   12s
  k=  6 训练集 (48282, 194)   12s
  k= 10 训练集 (48282, 194)   12s
  k= 30 训练集 (48282, 194)   12s
  16-09-24: 门 10 台  k1=0.7737  k3=0.9187  k6=0.9582  k10=0.9645  k30=0.9702   70s
  16-09-25: 门 10 台  k1=0.7871  k3=0.9539  k6=0.9954  k10=0.9999  k30=1.0000   86s
  16-09-26: 门 10 台  k1=0.7819  k3=0.9421  k6=0.9836  k10=0.9908  k30=0.9999   102s
  16-09-27: 门 10 台  k1=0.7514  k3=0.8842  k6=0.9303  k10=0.9612  k30=1.0000   117s
  16-09-28: 门 10 台  k1=0.7678  k3=0.9197  k6=0.9609  k10=0.9759  k30=0.9973   183s
  16-09-29: 门 10 台  k1=0.8002  k3=0.9509  k6=0.9929  k10=0.9993  k30=0.9998   202s
  16-10-01: 门 10 台  k1=0.8014  k3=0.9522  k6=0.9933  k10=0.9995  k30=0.9991   220s
  16-10-02: 门 10 台  k1=0.8012  k3=0.9516  k6=0.9934  k10=0.9997  k30=0.9999   236s
  16-10-03: 门 10 台  k1=0.8032  k3=0.9534  k6=0.9939  k10=0.9994  k30=0.9999   253s
  16-10-04: 门 10 台  k1=0.8036  k3=0.9516  k6=0.9935  k10=0.9994  k30=0.9999   310s
  16-10-05: 门 10 台  k1=0.8076  k3=0.9497  k6=0.9907  k10=0.9991  k30=0.9991   340s
  16-10-06: 门 10 台  k1=0.8069  k3=0.9493  k6=0.9914  k10=0.9996  k30=1.0000   358s
  16-10-07: 门 10 台  k1=0.8009  k3=0.9457  k6=0.9882  k10=0.9978  k30=0.9999   385s
  16-10-08: 门 10 台  k1=0.8076  k3=0.9477  k6=0.9915  k10=0.9994  k30=0.9999   402s
  16-10-09: 门 10 台  k1=0.7998  k3=0.9499  k6=0.9918  k10=0.9993  k30=0.9999   418s
  16-10-10: 门 10 台  k1=0.7990  k3=0.9523  k6=0.9931  k10=0.9997  k30=0.9999   435s

=== 臂 A 主判据：合并 16 天 ===
  k=  1（标称   10s；实际跨度中位   10.0s  p90    10.0s）  macro=0.7943  错 112222/762845
        BelkinWemoMotion         BelkinWemoSwitch          35149 (31.3%)
        AmazonEcho               NetatmoWelcome            17036 (15.2%)
        AmazonEcho               TribySpeaker              14674 (13.1%)
  k=  3（标称   30s；实际跨度中位   33.9s  p90    75.2s）  macro=0.9432  错 27596/762845
        BelkinWemoMotion         BelkinWemoSwitch          25322 (91.8%)
        AmazonEcho               TribySpeaker               1294 ( 4.7%)
        NetatmoWeather           NetatmoWelcome              574 ( 2.1%)
  k=  6（标称   60s；实际跨度中位   72.2s  p90   180.1s）  macro=0.9844  错 7914/762845
        BelkinWemoMotion         BelkinWemoSwitch           6006 (75.9%)
        AmazonEcho               TribySpeaker               1303 (16.5%)
        NetatmoWeather           NetatmoWelcome              256 ( 3.2%)
  k= 10（标称  100s；实际跨度中位  130.0s  p90   308.0s）  macro=0.9928  错 3719/762845
        BelkinWemoMotion         BelkinWemoSwitch           2136 (57.4%)
        AmazonEcho               TribySpeaker               1298 (34.9%)
        AmazonEcho               HPPrinter                   113 ( 3.0%)
  k= 30（标称  300s；实际跨度中位  404.0s  p90   982.4s）  macro=0.9976  错 1531/762845
        AmazonEcho               BelkinWemoMotion           1311 (85.6%)
        AmazonEcho               HPPrinter                   168 (11.0%)
        BelkinWemoMotion         BelkinWemoSwitch             32 ( 2.1%)

--- C3a 判定 ---
  饱和值 max=0.9976   判据 ≥0.99   → 通过
  k=1→k=10 提升 +0.1986   判据 ≥0.15  → 通过
  单调（容差 0.002）True

####################################################################################################
### 臂 B —— 完整管线（RF300 + 因果概率平滑 + 逐对闸门（区逐对选∈['R2', 'R3nR1', 'R3']，整区记账））  seed=42
####################################################################################################
特征池 61+69=130 列   1s
保留集 762845 窗  lenhist 缺 0   7s
训练 48282  选参 47355  保留 762845   平滑分组=(day,device)   8s
平滑窗 kb=3（在 16-09-30 上选）
保留集 macro：base=0.8620   +第一段(平滑)=0.9183

困难对（16-09-30 错误量前 8）：
  BelkinWemoMotion|BelkinWemoSwitch  错 3042
  NetatmoWeather|NetatmoWelcome  错 68
  NetatmoWelcome|TribySpeaker  错 14
  BelkinWemoSwitch|NetatmoWelcome  错 11
  AmazonEcho|NetatmoWeather  错 11
  BelkinWemoMotion|NetatmoWelcome  错 8
  BelkinWemoSwitch|SamsungSmartCam  错 8
  NetatmoWelcome|SamsungSmartCam  错 7

=== 第二段：在 16-09-30 上导出配置（14 掩码 × ['lr', 'rf']，区逐对选，整区记账）===
    R2     区 n=  5321 (第三类 1,  0.0%)  0.5097→0.5781 (lr/掩lenhist)  过闸
    R3nR1  区 n=  6054 (第三类 12,  0.2%)  0.5122→0.5728 (lr/掩down)  过闸
    R3     区 n=  9763 (第三类 3711, 38.0%)  0.6964→0.3555 (lr/掩down)  不过闸
  BelkinWemoMotion      |BelkinWemoSwitch       → 选 R2 0.5097→0.5781 (lr/掩lenhist)  **过闸**
    R2     区 n=    85 (第三类 0,  0.0%)  0.8824→0.7294 (lr/掩up)  不过闸
    R3nR1  区 n=   494 (第三类 0,  0.0%)  0.9757→0.9494 (lr/掩up)  不过闸
    R3     区 n=   533 (第三类 35,  6.6%)  0.9700→0.8837 (lr/掩up)  不过闸
  NetatmoWeather|NetatmoWelcome  不过闸（3 个区够大，但没有配置能改善）
    R2     区 n=   435 (第三类 2,  0.5%)  0.9724→0.9310 (lr/掩long)  不过闸
    R3nR1  区 n=  1223 (第三类 2,  0.2%)  0.9902→0.9403 (lr/掩long)  不过闸
    R3     区 n=  1389 (第三类 167, 12.0%)  0.9892→0.8287 (lr/掩long)  不过闸
  NetatmoWelcome|TribySpeaker  不过闸（3 个区够大，但没有配置能改善）
    R2     区 n=  1000 (第三类 18,  1.8%)  0.9750→0.9400 (lr/掩interarrival)  不过闸
    R3nR1  区 n=  4707 (第三类 388,  8.2%)  0.9154→0.9069 (lr/掩up)  不过闸
    R3     区 n=  7635 (第三类 2635, 34.5%)  0.8578→0.6452 (lr/掩interarrival)  不过闸
  BelkinWemoSwitch|NetatmoWelcome  不过闸（3 个区够大，但没有配置能改善）
    R2     区 n=  1406 (第三类 0,  0.0%)  0.9986→1.0000 (lr/掩none)  不过闸
    R3nR1  区 n=  1609 (第三类 0,  0.0%)  0.9975→0.9888 (lr/掩none)  不过闸
    R3     区 n=  1657 (第三类 36,  2.2%)  0.9903→0.9638 (lr/掩none)  不过闸
  AmazonEcho            |NetatmoWeather         → 选 R2 0.9986→1.0000 (lr/掩none)  不过闸
    R2     区 n=  1102 (第三类 104,  9.4%)  0.8984→0.8811 (lr/掩lenhist)  不过闸
    R3nR1  区 n=  3658 (第三类 747, 20.4%)  0.7936→0.7829 (lr/掩lenhist)  不过闸
    R3     区 n=  5905 (第三类 2662, 45.1%)  0.8157→0.5392 (lr/掩lenhist)  不过闸
  BelkinWemoMotion|NetatmoWelcome  不过闸（3 个区够大，但没有配置能改善）
    R2     区 n=   458 (第三类 11,  2.4%)  0.9694→0.8974 (rf/掩lenhist)  不过闸
    R3nR1  区 n=  1812 (第三类 125,  6.9%)  0.9272→0.9056 (lr/掩lenhist)  不过闸
    R3     区 n=  4619 (第三类 2506, 54.3%)  0.8790→0.4440 (lr/掩burst)  不过闸
  BelkinWemoSwitch|SamsungSmartCam  不过闸（3 个区够大，但没有配置能改善）
    R2     区 n=  1639 (第三类 1,  0.1%)  0.9963→0.9616 (lr/掩none)  不过闸
    R3nR1  区 n=  2988 (第三类 9,  0.3%)  0.9946→0.9712 (lr/掩none)  不过闸
    R3     区 n=  4663 (第三类 1679, 36.0%)  0.9910→0.6230 (lr/掩none)  不过闸
  NetatmoWelcome|SamsungSmartCam  不过闸（3 个区够大，但没有配置能改善）

过闸 1 对   628s
    BelkinWemoMotion      |BelkinWemoSwitch       [R2] 区 n= 80266 (第三类 8,  0.0%)  整区在位者=0.6338 → 修后=0.6755 (+0.0417)

=== 臂 B 保留集（合并 16 天，seed=42）===
  base            0.8620
  +第一段(平滑)     0.9183   Δ=+0.0563
  +第二段(定点修)    0.9263   Δ=+0.0080

  逐天（次要终点，不参与判定）：
    16-09-24  n= 48365  base=0.8628  平滑=0.9221  修后=0.9236
    16-09-25  n= 47454  base=0.8939  平滑=0.9588  修后=0.9612
    16-09-26  n= 46735  base=0.8807  平滑=0.9344  修后=0.9368
    16-09-27  n= 46718  base=0.8421  平滑=0.8622  修后=0.8653
    16-09-28  n= 47553  base=0.8583  平滑=0.8874  修后=0.8960
    16-09-29  n= 47359  base=0.8491  平滑=0.8984  修后=0.9118
    16-10-01  n= 47010  base=0.8586  平滑=0.9128  修后=0.9263
    16-10-02  n= 45518  base=0.8566  平滑=0.9148  修后=0.9272
    16-10-03  n= 46891  base=0.8592  平滑=0.9174  修后=0.9298
    16-10-04  n= 46733  base=0.8679  平滑=0.9216  修后=0.9339
    16-10-05  n= 49006  base=0.8632  平滑=0.9209  修后=0.9296
    16-10-06  n= 48434  base=0.8548  平滑=0.9232  修后=0.9321
    16-10-07  n= 49522  base=0.8578  平滑=0.9193  修后=0.9276
    16-10-08  n= 48579  base=0.8590  平滑=0.9268  修后=0.9356
    16-10-09  n= 48508  base=0.8543  平滑=0.9159  修后=0.9268
    16-10-10  n= 48460  base=0.8538  平滑=0.9181  修后=0.9276

####################################################################################################
### 臂 B —— 完整管线（RF300 + 因果概率平滑 + 逐对闸门（区逐对选∈['R2', 'R3nR1', 'R3']，整区记账））  seed=43
####################################################################################################
特征池 61+69=130 列   1s
保留集 762845 窗  lenhist 缺 0   7s
训练 48282  选参 47355  保留 762845   平滑分组=(day,device)   8s
平滑窗 kb=3（在 16-09-30 上选）
保留集 macro：base=0.8637   +第一段(平滑)=0.9187

困难对（16-09-30 错误量前 8）：
  BelkinWemoMotion|BelkinWemoSwitch  错 3052
  NetatmoWeather|NetatmoWelcome  错 63
  AmazonEcho|NetatmoWeather  错 14
  NetatmoWelcome|TribySpeaker  错 13
  BelkinWemoSwitch|NetatmoWelcome  错 11
  BelkinWemoMotion|NetatmoWelcome  错 8
  BelkinWemoSwitch|SamsungSmartCam  错 8
  NetatmoWelcome|SamsungSmartCam  错 7

=== 第二段：在 16-09-30 上导出配置（14 掩码 × ['lr', 'rf']，区逐对选，整区记账）===
    R2     区 n=  5306 (第三类 1,  0.0%)  0.5060→0.5771 (lr/掩down)  过闸
    R3nR1  区 n=  6041 (第三类 13,  0.2%)  0.5108→0.5736 (lr/掩down)  过闸
    R3     区 n=  9544 (第三类 3509, 36.8%)  0.6894→0.3634 (lr/掩down)  不过闸
  BelkinWemoMotion      |BelkinWemoSwitch       → 选 R2 0.5060→0.5771 (lr/掩down)  **过闸**
    R2     区 n=   109 (第三类 0,  0.0%)  0.9358→0.7982 (lr/掩up)  不过闸
    R3nR1  区 n=   468 (第三类 0,  0.0%)  0.9808→0.9487 (lr/掩up)  不过闸
    R3     区 n=   565 (第三类 92, 16.3%)  0.9752→0.7894 (lr/掩up)  不过闸
  NetatmoWeather|NetatmoWelcome  不过闸（3 个区够大，但没有配置能改善）
    R2     区 n=  1364 (第三类 0,  0.0%)  0.9985→0.9993 (lr/掩none)  不过闸
    R3nR1  区 n=  1581 (第三类 0,  0.0%)  0.9968→0.9880 (lr/掩none)  不过闸
    R3     区 n=  1621 (第三类 33,  2.0%)  0.9926→0.9667 (lr/掩none)  不过闸
  AmazonEcho            |NetatmoWeather         → 选 R2 0.9985→0.9993 (lr/掩none)  不过闸
    R2     区 n=   432 (第三类 2,  0.5%)  0.9745→0.9190 (lr/掩long)  不过闸
    R3nR1  区 n=  1223 (第三类 2,  0.2%)  0.9910→0.9264 (rf/掩interarrival)  不过闸
    R3     区 n=  1413 (第三类 192, 13.6%)  0.9901→0.8018 (rf/掩interarrival)  不过闸
  NetatmoWelcome|TribySpeaker  不过闸（3 个区够大，但没有配置能改善）
    R2     区 n=  1120 (第三类 22,  2.0%)  0.9741→0.9437 (lr/掩interarrival)  不过闸
    R3nR1  区 n=  4759 (第三类 394,  8.3%)  0.9151→0.9067 (lr/掩interarrival)  不过闸
    R3     区 n=  7599 (第三类 2510, 33.0%)  0.8505→0.6604 (lr/掩interarrival)  不过闸
  BelkinWemoSwitch|NetatmoWelcome  不过闸（3 个区够大，但没有配置能改善）
    R2     区 n=  1103 (第三类 100,  9.1%)  0.9021→0.8830 (lr/掩lenhist)  不过闸
    R3nR1  区 n=  3753 (第三类 797, 21.2%)  0.7855→0.7751 (lr/掩lenhist)  不过闸
    R3     区 n=  5748 (第三类 2454, 42.7%)  0.8010→0.5628 (lr/掩lenhist)  不过闸
  BelkinWemoMotion|NetatmoWelcome  不过闸（3 个区够大，但没有配置能改善）
    R2     区 n=  1040 (第三类 10,  1.0%)  0.9875→0.9548 (rf/掩none)  不过闸
    R3nR1  区 n=  3206 (第三类 116,  3.6%)  0.9619→0.9482 (lr/掩lenhist)  不过闸
    R3     区 n=  5677 (第三类 2200, 38.8%)  0.9102→0.6012 (lr/掩none)  不过闸
  BelkinWemoSwitch|SamsungSmartCam  不过闸（3 个区够大，但没有配置能改善）
    R2     区 n=  1502 (第三类 1,  0.1%)  0.9960→0.9567 (lr/掩byte)  不过闸
    R3nR1  区 n=  2534 (第三类 9,  0.4%)  0.9937→0.9657 (lr/掩byte)  不过闸
    R3     区 n=  4341 (第三类 1810, 41.7%)  0.9885→0.5646 (lr/掩byte)  不过闸
  NetatmoWelcome|SamsungSmartCam  不过闸（3 个区够大，但没有配置能改善）

过闸 1 对   637s
    BelkinWemoMotion      |BelkinWemoSwitch       [R2] 区 n= 80338 (第三类 11,  0.0%)  整区在位者=0.6346 → 修后=0.6748 (+0.0403)

=== 臂 B 保留集（合并 16 天，seed=43）===
  base            0.8637
  +第一段(平滑)     0.9187   Δ=+0.0550
  +第二段(定点修)    0.9264   Δ=+0.0078

  逐天（次要终点，不参与判定）：
    16-09-24  n= 48365  base=0.8633  平滑=0.9238  修后=0.9249
    16-09-25  n= 47454  base=0.8937  平滑=0.9586  修后=0.9607
    16-09-26  n= 46735  base=0.8806  平滑=0.9346  修后=0.9363
    16-09-27  n= 46718  base=0.8425  平滑=0.8622  修后=0.8652
    16-09-28  n= 47553  base=0.8589  平滑=0.8881  修后=0.8954
    16-09-29  n= 47359  base=0.8516  平滑=0.8986  修后=0.9124
    16-10-01  n= 47010  base=0.8609  平滑=0.9133  修后=0.9259
    16-10-02  n= 45518  base=0.8589  平滑=0.9154  修后=0.9276
    16-10-03  n= 46891  base=0.8621  平滑=0.9179  修后=0.9295
    16-10-04  n= 46733  base=0.8701  平滑=0.9215  修后=0.9337
    16-10-05  n= 49006  base=0.8650  平滑=0.9200  修后=0.9290
    16-10-06  n= 48434  base=0.8575  平滑=0.9229  修后=0.9316
    16-10-07  n= 49522  base=0.8592  平滑=0.9196  修后=0.9277
    16-10-08  n= 48579  base=0.8625  平滑=0.9266  修后=0.9355
    16-10-09  n= 48508  base=0.8566  平滑=0.9156  修后=0.9262
    16-10-10  n= 48460  base=0.8557  平滑=0.9178  修后=0.9273

====================================================================================================
=== C3 判定 ===
====================================================================================================
C3a  饱和 0.9976（≥0.99）  k1→k10 +0.1986（≥0.15）  → 通过
C3b′ seed42  过闸 1 对  Δ=+0.0080（>0）  区上符号翻转 0/1 对（须 0）  → 通过
C3c  seed42  Δ=+0.0080（≥−0.002）  → 通过
C3b′ seed43  过闸 1 对  Δ=+0.0078（>0）  区上符号翻转 0/1 对（须 0）  → 通过
C3c  seed43  Δ=+0.0078（≥−0.002）  → 通过

种子间差：平滑 0.0004   修后 0.0001

写出 /home/lmy/iot-device-classification/results/c3_confirmatory_20260905   总耗时 1721s
