==========================================================================================
步骤 1  保留集 schema 检查（元数据）
==========================================================================================
features   1079499 行   day 取值 ['16-09-24', '16-09-25', '16-09-26', '16-09-27', '16-09-28', '16-09-29', '16-10-01', '16-10-02', '16-10-03', '16-10-04', '16-10-05', '16-10-06', '16-10-07', '16-10-08', '16-10-09', '16-10-10']
lenhist    1139981 行   day 取值 ['16-09-23', '16-09-24', '16-09-25', '16-09-26', '16-09-27', '16-09-28', '16-09-29', '16-10-01', '16-10-02', '16-10-03', '16-10-04', '16-10-05', '16-10-06', '16-10-07', '16-10-08', '16-10-09', '16-10-10']
features 的 device 数 23   lenhist 的 device 数 23
连接键：features 1079499  lenhist 1139981  交集 1079499
features 能连上的比例 1.000000   （<1 说明有窗拿不到 lenhist）
PASS  schema 与连接键对齐

==========================================================================================
步骤 2  用 16-09-30 顶替保留集，跑通两臂
==========================================================================================
C3 确证测试   协议 docs/PROTOCOL_C3_CONFIRMATORY_20260905.md   登记 C3-CONFIRM-UNSW16 @ 59372d1

类集 = 训练∩选参∩保留16天 的 day_gate 交集 = 14 类
    AmazonEcho
    BelkinWemoMotion
    BelkinWemoSwitch
    Dropcam
    HPPrinter
    NetatmoWeather
    NetatmoWelcome
    PIX-STAR
    SamsungSmartCam
    SmartThings
    TPLinkCam
    TPLinkPlug
    TribySpeaker
    WithingsBabyMonitor

####################################################################################################
### 臂 A —— 诊断仪器（因果计数聚合 + Hellinger + kNN5）
####################################################################################################
训练天 16-09-23: 60482 窗   11s
源天词表 230 项（协议要求：只从 16-09-23 导出）
  k=  1 训练集 (60468, 230)   11s
  k=  3 训练集 (60468, 230)   12s
  k= 10 训练集 (60468, 230)   12s
  16-09-30: 门 14 台  k1=0.7457  k3=0.9581  k10=0.9967   38s

=== 臂 A 主判据：合并 16 天 ===
  k=  1（标称   10s；实际跨度中位   10.0s  p90    10.0s）  macro=0.7457  错 12362/59457
        AmazonEcho               WithingsBabyMonitor        3950 (32.0%)
        BelkinWemoMotion         BelkinWemoSwitch           2106 (17.0%)
        AmazonEcho               NetatmoWelcome             1004 ( 8.1%)
  k=  3（标称   30s；实际跨度中位   31.8s  p90    78.1s）  macro=0.9581  错 1562/59457
        BelkinWemoMotion         BelkinWemoSwitch           1376 (88.1%)
        HPPrinter                TPLinkCam                    88 ( 5.6%)
        NetatmoWeather           TPLinkPlug                   65 ( 4.2%)
  k= 10（标称  100s；实际跨度中位  120.1s  p90   328.7s）  macro=0.9967  错 114/59457
        HPPrinter                TPLinkCam                    95 (83.3%)
        AmazonEcho               HPPrinter                    12 (10.5%)
        BelkinWemoMotion         BelkinWemoSwitch              4 ( 3.5%)

--- C3a 判定 ---
  饱和值 max=0.9967   判据 ≥0.99   → 通过
  k=1→k=10 提升 +0.2510   判据 ≥0.15  → 通过
  单调（容差 0.002）True

####################################################################################################
### 臂 B —— 完整管线（RF300 + 因果概率平滑 + 逐对闸门 R3）  seed=42
####################################################################################################
特征池 61+69=130 列   1s
保留集 59457 窗  lenhist 缺 0   1s
训练 60468  选参 59457  保留 59457   平滑分组=(day,device)   2s
平滑窗 kb=10（在 16-09-30 上选）
保留集 macro：base=0.8123   +第一段(平滑)=0.8966

困难对（16-09-30 错误量前 3）：
  BelkinWemoMotion|BelkinWemoSwitch  错 3603
  PIX-STAR|TribySpeaker  错 85
  HPPrinter|TPLinkCam  错 79

=== 第二段：在 16-09-30 上导出配置（14 掩码 × ['lr', 'rf']，区 R3）===
  BelkinWemoMotion        |BelkinWemoSwitch         区 n=  6258 0.4244→0.6031 (lr/掩interarrival)  **过闸**
  PIX-STAR                |TribySpeaker             区 n=  2317 0.9633→0.7428 (rf/掩interarrival)  不过闸
  HPPrinter               |TPLinkCam                区 n=   168 0.9881→0.9345 (lr/掩burst)  不过闸

过闸 1 对   160s
    BelkinWemoMotion        |BelkinWemoSwitch         区 n=  6258  在位者=0.4244 → 修后=0.6031 (+0.1787)

=== 臂 B 保留集（合并 16 天，seed=42）===
  base            0.8123
  +第一段(平滑)     0.8966   Δ=+0.0843
  +第二段(定点修)    0.8880   Δ=-0.0085

  逐天（次要终点，不参与判定）：
    16-09-30  n= 59457  base=0.8123  平滑=0.8966  修后=0.8880

====================================================================================================
=== C3 判定 ===
====================================================================================================
C3a  饱和 0.9967（≥0.99）  k1→k10 +0.2510（≥0.15）  → 通过
C3b  seed42  过闸 1 对（≤1）  Δ=-0.0085（|Δ|<0.005）  → 不通过
C3c  seed42  Δ=-0.0085（≥−0.002）  → 不通过
Traceback (most recent call last):
  File "/home/lmy/cic_probe/c3_smoke.py", line 36, in <module>
    C.main()
  File "/home/lmy/cic_probe/c3_confirm.py", line 365, in main
    print(f"\n种子间差：平滑 {abs(bs[0]['smooth']-bs[1]['smooth']):.4f}   "
                                                  ~~^^^
IndexError: list index out of range
