==========================================================================================
步骤 1  保留集 schema 检查（元数据）
==========================================================================================
features   1079499 行   day 取值 ['16-09-24', '16-09-25', '16-09-26', '16-09-27', '16-09-28', '16-09-29', '16-10-01', '16-10-02', '16-10-03', '16-10-04', '16-10-05', '16-10-06', '16-10-07', '16-10-08', '16-10-09', '16-10-10']
lenhist    1139981 行   day 取值 ['16-09-23', '16-09-24', '16-09-25', '16-09-26', '16-09-27', '16-09-28', '16-09-29', '16-10-01', '16-10-02', '16-10-03', '16-10-04', '16-10-05', '16-10-06', '16-10-07', '16-10-08', '16-10-09', '16-10-10']
features 的 device 数 23   lenhist 的 device 数 23
连接键：features 1079499  lenhist 1139981  交集 1079499
features 能连上的比例 1.000000   （<1 说明有窗拿不到 lenhist）
PASS  schema 与连接键对齐

==========================================================================================
步骤 2  用 16-09-30 顶替保留集，跑通两臂
==========================================================================================
C3 确证测试   协议 docs/PROTOCOL_C3_CONFIRMATORY_20260905.md   登记 C3-CONFIRM-UNSW16 @ 59372d1

类集 = 训练∩选参∩保留16天 的 day_gate 交集 = 14 类
    AmazonEcho
    BelkinWemoMotion
    BelkinWemoSwitch
    Dropcam
    HPPrinter
    NetatmoWeather
    NetatmoWelcome
    PIX-STAR
    SamsungSmartCam
    SmartThings
    TPLinkCam
    TPLinkPlug
    TribySpeaker
    WithingsBabyMonitor

####################################################################################################
### 臂 A —— 诊断仪器（因果计数聚合 + Hellinger + kNN5）
####################################################################################################
训练天 16-09-23: 60482 窗   11s
源天词表 230 项（协议要求：只从 16-09-23 导出）
  k=  1 训练集 (60468, 230)   11s
