
========================================================================================
UNSW：设备 10 台
  16-09-23: 60482 窗  80s
  16-09-30: 78122 窗  80s
  16-10-12: 37155 窗  80s
  源天词表 194 项
  因果特征聚合 k= 1（ 10s 证据，每 10s 一判决）  16-09-30  macro=0.8029  判决数 47355
  因果特征聚合 k= 1（ 10s 证据，每 10s 一判决）  16-10-12  macro=0.8027  判决数 29680
  因果特征聚合 k= 3（ 30s 证据，每 10s 一判决）  16-09-30  macro=0.9516  判决数 47355
  因果特征聚合 k= 3（ 30s 证据，每 10s 一判决）  16-10-12  macro=0.9455  判决数 29680
  因果特征聚合 k= 6（ 60s 证据，每 10s 一判决）  16-09-30  macro=0.9925  判决数 47355
  因果特征聚合 k= 6（ 60s 证据，每 10s 一判决）  16-10-12  macro=0.9908  判决数 29680
  因果特征聚合 k=10（100s 证据，每 10s 一判决）  16-09-30  macro=0.9994  判决数 47355
  因果特征聚合 k=10（100s 证据，每 10s 一判决）  16-10-12  macro=0.9995  判决数 29680
  因果特征聚合 k=30（300s 证据，每 10s 一判决）  16-09-30  macro=0.9997  判决数 47355
  因果特征聚合 k=30（300s 证据，每 10s 一判决）  16-10-12  macro=0.9999  判决数 29680

========================================================================================
=== 同证据量的三种用法对拍（UNSW，10 类，outer=16-10-12）===
  证据    块聚合(判决稀疏)   因果平均概率   因果特征聚合   判决密度
    30s      —                  —           0.9455        每 10 秒
    60s   0.9916            0.8206        0.9908        每 10 秒
   100s      —                  —           0.9995        每 10 秒
   300s   0.9973               —           0.9999        每 10 秒

  基准 k=1（10s 证据）： 0.8027

判读：因果特征聚合若接近块聚合 → 块聚合的收益可以在不牺牲判决密度下拿到，
      是方法的实质改进；若接近因果平均概率 → 收益来自粗粒度本身，不可移植。
