
============================================================================================
UNSW
  inner: 16-09-23 → 16-09-30   outer: 16-09-23 → 16-10-12   10 类  61 列
    inner 候选类对 45（全组合 45）
  seed42  base=0.8414   srcint_k1=0.8264 (-0.0150)   inner_k1=0.8418 (+0.0004)   inner_k5=0.8501 (+0.0087)
    inner 选中模型: {"xgboost": 15, "rf": 28}   动手 14758 窗
    srcint 选中模型: {"xgboost": 16, "rf": 21, "lr": 3}  动手 14742 窗
    inner 候选类对 44（全组合 45）
  seed43  base=0.8344   srcint_k1=0.8357 (+0.0013)   inner_k1=0.8437 (+0.0093)   inner_k5=0.8549 (+0.0205)
  → cfg_srcint_k1  均值 Δmacro = -0.0068
  → cfg_inner_k1   均值 Δmacro = +0.0048
  → cfg_inner_k5   均值 Δmacro = +0.0146

============================================================================================
CIC（inner 1102，outer 1108）
  inner: 2021_11_02_Idle → 2021_11_02_Active   outer: 2021_11_02_Idle → 2021_11_08_Active   36 类  61 列
    inner 候选类对 272（全组合 630）
  seed42  base=0.6074   srcint_k1=0.6092 (+0.0017)   inner_k1=0.5989 (-0.0085)   inner_k5=0.6029 (-0.0045)
    inner 选中模型: {"rf": 135, "xgboost": 65, "lr": 21}   动手 13617 窗
    srcint 选中模型: {"xgboost": 72, "rf": 101, "lr": 29}  动手 13474 窗
    inner 候选类对 276（全组合 630）
  seed43  base=0.5983   srcint_k1=0.5895 (-0.0088)   inner_k1=0.5847 (-0.0136)   inner_k5=0.5896 (-0.0087)
  → cfg_srcint_k1  均值 Δmacro = -0.0035
  → cfg_inner_k1   均值 Δmacro = -0.0111
  → cfg_inner_k5   均值 Δmacro = -0.0066

总耗时 2986s
