
================================================================================================
UNSW   inner 16-09-23→16-09-30   outer 16-09-23→16-10-12   10 类  61 列
  seed42  inner 选出的全局平滑 k_base=3  (inner macro {1: 0.8339, 3: 0.8858, 5: 0.8846, 10: 0.8718})
           base=0.8414  +平滑k3=0.9128  +逐类对配置=0.9738   Δ(v3−平滑)=+0.0610  Δ(v3−base)=+0.1324
           候选 43 对，**过闸 2 对**（v2 是几乎全过）/ 3184 窗  模型{'lr': 1, 'rf': 1} 时长{10: 2}
  seed43  inner 选出的全局平滑 k_base=5  (inner macro {1: 0.8261, 3: 0.8733, 5: 0.8766, 10: 0.8695})
           base=0.8344  +平滑k5=0.8980  +逐类对配置=0.9816   Δ(v3−平滑)=+0.0836  Δ(v3−base)=+0.1472
           候选 43 对，**过闸 1 对**（v2 是几乎全过）/ 3328 窗  模型{'lr': 1} 时长{10: 1}
  seed44  inner 选出的全局平滑 k_base=3  (inner macro {1: 0.8344, 3: 0.8836, 5: 0.8823, 10: 0.8714})
           base=0.8394  +平滑k3=0.9048  +逐类对配置=0.9680   Δ(v3−平滑)=+0.0632  Δ(v3−base)=+0.1287
           候选 42 对，**过闸 1 对**（v2 是几乎全过）/ 3102 窗  模型{'lr': 1} 时长{10: 1}
  seed45  inner 选出的全局平滑 k_base=3  (inner macro {1: 0.8318, 3: 0.8828, 5: 0.8816, 10: 0.8706})
           base=0.8378  +平滑k3=0.9070  +逐类对配置=0.9681   Δ(v3−平滑)=+0.0611  Δ(v3−base)=+0.1303
           候选 42 对，**过闸 2 对**（v2 是几乎全过）/ 3237 窗  模型{'lr': 1, 'rf': 1} 时长{10: 2}
  seed46  inner 选出的全局平滑 k_base=5  (inner macro {1: 0.8339, 3: 0.882, 5: 0.8836, 10: 0.8732})
           base=0.8428  +平滑k5=0.9046  +逐类对配置=0.9867   Δ(v3−平滑)=+0.0822  Δ(v3−base)=+0.1439
           候选 42 对，**过闸 1 对**（v2 是几乎全过）/ 3371 窗  模型{'lr': 1} 时长{10: 1}
  → 均值  base=0.8392  平滑=0.9054  v3=0.9757   Δ(v3−平滑)=+0.0702

================================================================================================
CIC 同型化（inner 1102Idle→1103Active，outer 1102Idle→1108Active）   inner 2021_11_02_Idle→2021_11_03_Active   outer 2021_11_02_Idle→2021_11_08_Active   36 类  61 列
  seed42  inner 选出的全局平滑 k_base=10  (inner macro {1: 0.6722, 3: 0.7473, 5: 0.7643, 10: 0.782})
           base=0.6074  +平滑k10=0.6861  +逐类对配置=0.6813   Δ(v3−平滑)=-0.0048  Δ(v3−base)=+0.0739
           候选 203 对，**过闸 12 对**（v2 是几乎全过）/ 2237 窗  模型{'lr': 6, 'rf': 3} 时长{10: 5, 3: 1, 5: 2, 1: 1}
  seed43  inner 选出的全局平滑 k_base=10  (inner macro {1: 0.66, 3: 0.7369, 5: 0.7575, 10: 0.7728})
           base=0.5983  +平滑k10=0.6992  +逐类对配置=0.7016   Δ(v3−平滑)=+0.0024  Δ(v3−base)=+0.1033
           候选 207 对，**过闸 10 对**（v2 是几乎全过）/ 2937 窗  模型{'rf': 3, 'lr': 3, 'xgboost': 1} 时长{10: 5, 1: 2}
  seed44  inner 选出的全局平滑 k_base=10  (inner macro {1: 0.6802, 3: 0.7561, 5: 0.7762, 10: 0.7955})
           base=0.5900  +平滑k10=0.6874  +逐类对配置=0.6830   Δ(v3−平滑)=-0.0044  Δ(v3−base)=+0.0931
           候选 187 对，**过闸 11 对**（v2 是几乎全过）/ 3536 窗  模型{'xgboost': 1, 'lr': 5, 'rf': 2} 时长{10: 4, 5: 2, 1: 1, 3: 1}
  seed45  inner 选出的全局平滑 k_base=10  (inner macro {1: 0.6636, 3: 0.7436, 5: 0.7587, 10: 0.7757})
           base=0.5990  +平滑k10=0.6846  +逐类对配置=0.6843   Δ(v3−平滑)=-0.0003  Δ(v3−base)=+0.0853
           候选 200 对，**过闸 11 对**（v2 是几乎全过）/ 1945 窗  模型{'rf': 2, 'lr': 6} 时长{10: 5, 3: 1, 5: 1, 1: 1}
  seed46  inner 选出的全局平滑 k_base=10  (inner macro {1: 0.6698, 3: 0.745, 5: 0.7628, 10: 0.7801})
           base=0.5928  +平滑k10=0.6835  +逐类对配置=0.6866   Δ(v3−平滑)=+0.0030  Δ(v3−base)=+0.0937
           候选 196 对，**过闸 10 对**（v2 是几乎全过）/ 3026 窗  模型{'rf': 2, 'lr': 4, 'xgboost': 1} 时长{10: 3, 1: 2, 5: 2}
  → 均值  base=0.5975  平滑=0.6882  v3=0.6874   Δ(v3−平滑)=-0.0008

总耗时 1321s
