29 类  训练 112737 inner 82479 outer 79980  2s
平滑 kb=20   outer macro（第一段后）=0.8787

困难对（inner 错误量前 6）：GosundPlug|GosundSocket(9934), GlobeLampESPB1680C|GosundSocket(2826), Teckin|Yutron(2502), GlobeLampESPB1680C|GosundPlug(1632), AtomiCoffeeMaker|HeimVisionSmartLifeRadioLamp(31), EchoDot|SIMCAM1SAMPAKTec(25)

==========================================================================================================
GosundPlug | GosundSocket
  R3      inner 0.2867→0.5856 (rf/掩interarrival) 放行
          outer 区 n= 19062  构成: GosundPlug 10783 / GosundSocket  5391 / 第三类  2888（15.2%）
          只算{i,j}窗  0.3329 → 0.5056 (+0.1727)
          算整个区    0.2829 → 0.4290 (+0.1460)
          端到端 0.8787 → 0.8875 (+0.0088)
  R3∩R1   inner 0.3109→0.5739 (rf/掩interarrival) 放行
          outer 区 n= 18426  构成: GosundPlug 10156 / GosundSocket  5391 / 第三类  2879（15.6%）
          只算{i,j}窗  0.3463 → 0.5224 (+0.1760)
          算整个区    0.2922 → 0.4407 (+0.1485)
          端到端 0.8787 → 0.8877 (+0.0089)
  R2      inner 0.3475→0.6406 (rf/掩interarrival) 放行
          outer 区 n= 13202  构成: GosundPlug  7615 / GosundSocket  2743 / 第三类  2844（21.5%）
          只算{i,j}窗  0.5070 → 0.6733 (+0.1663)
          算整个区    0.3977 → 0.5283 (+0.1305)
          端到端 0.8787 → 0.8833 (+0.0046)

==========================================================================================================
GlobeLampESPB1680C | GosundSocket
  R3      inner 0.2933→0.3723 (lr/掩interarrival) 放行
          outer 区 n= 18386  构成: GlobeLampESPB1  2879 / GosundSocket  4822 / 第三类 10685（58.1%）
          只算{i,j}窗  0.0000 → 0.8078 (+0.8078)
          算整个区    0.2866 → 0.3384 (+0.0517)
          端到端 0.8787 → 0.8950 (+0.0163)
  R3∩R1   inner 0.0000→0.2575 (lr/掩active) 放行
          outer 区 n=  5415  构成: GlobeLampESPB1     0 / GosundSocket     0 / 第三类  5415（100.0%）
          只算{i,j}窗  nan → nan (+nan)
          算整个区    0.0000 → 0.0000 (+0.0000)
          端到端 0.8787 → 0.8787 (+0.0000)
  R2      inner 0.0000→0.7612 (lr/掩long) 放行
          outer 区 n=  3037  构成: GlobeLampESPB1     0 / GosundSocket     0 / 第三类  3037（100.0%）
          只算{i,j}窗  nan → nan (+nan)
          算整个区    0.0000 → 0.0000 (+0.0000)
          端到端 0.8787 → 0.8787 (+0.0000)

==========================================================================================================
Teckin | Yutron
  R3      inner 0.7558→0.6627 (rf/掩lenhist) 拒绝
          outer 区 n=  9591  构成: Teckin  4776 / Yutron  4810 / 第三类     5（ 0.1%）
          只算{i,j}窗  0.5957 → 0.5359 (-0.0598)
          算整个区    0.5959 → 0.5356 (-0.0603)
          端到端 0.8787 → 0.8760 (-0.0027)
  R3∩R1   inner 0.7557→0.6628 (rf/掩lenhist) 拒绝
          outer 区 n=  9586  构成: Teckin  4776 / Yutron  4810 / 第三类     0（ 0.0%）
          只算{i,j}窗  0.5957 → 0.5359 (-0.0598)
          算整个区    0.5957 → 0.5359 (-0.0598)
          端到端 0.8787 → 0.8760 (-0.0027)
  R2      inner 0.7557→0.6627 (rf/掩lenhist) 拒绝
          outer 区 n=  9586  构成: Teckin  4776 / Yutron  4810 / 第三类     0（ 0.0%）
          只算{i,j}窗  0.5957 → 0.5359 (-0.0598)
          算整个区    0.5957 → 0.5359 (-0.0598)
          端到端 0.8787 → 0.8760 (-0.0027)

==========================================================================================================
GlobeLampESPB1680C | GosundPlug
  R3      inner 0.2933→0.6043 (rf/掩up) 放行
          outer 区 n= 18381  构成: GlobeLampESPB1  2879 / GosundPlug 10669 / 第三类  4833（26.3%）
          只算{i,j}窗  0.3893 → 0.6287 (+0.2394)
          算整个区    0.2869 → 0.4634 (+0.1765)
          端到端 0.8787 → 0.8854 (+0.0066)
  R3∩R1   inner 0.4545→0.5494 (rf/掩up) 放行
          outer 区 n= 13611  构成: GlobeLampESPB1  2879 / GosundPlug  5899 / 第三类  4833（35.5%）
          只算{i,j}窗  0.6008 → 0.6013 (+0.0005)
          算整个区    0.3875 → 0.3878 (+0.0003)
          端到端 0.8787 → 0.8793 (+0.0006)
  R2      inner 0.0453→0.7288 (rf/掩up) 放行
          outer 区 n=  2804  构成: GlobeLampESPB1    35 / GosundPlug   129 / 第三类  2640（94.2%）
          只算{i,j}窗  0.7805 → 0.7256 (-0.0549)
          算整个区    0.0456 → 0.0424 (-0.0032)
          端到端 0.8787 → 0.8787 (+0.0000)

==========================================================================================================
AtomiCoffeeMaker | HeimVisionSmartLifeRadioLamp
  R3      inner 0.9946→0.7221 (rf/掩down) 拒绝
          outer 区 n=  5770  构成: AtomiCoffeeMak  2879 / HeimVisionSmar  2877 / 第三类    14（ 0.2%）
          只算{i,j}窗  0.9880 → 0.6901 (-0.2979)
          算整个区    0.9880 → 0.6884 (-0.2997)
          端到端 0.8787 → 0.8580 (-0.0207)
  R3∩R1   inner 0.9946→0.7226 (rf/掩down) 拒绝
          outer 区 n=  5756  构成: AtomiCoffeeMak  2879 / HeimVisionSmar  2877 / 第三类     0（ 0.0%）
          只算{i,j}窗  0.9880 → 0.6901 (-0.2979)
          算整个区    0.9880 → 0.6901 (-0.2979)
          端到端 0.8787 → 0.8582 (-0.0205)
  R2      inner 0.9946→0.7221 (rf/掩down) 拒绝
          outer 区 n=  5756  构成: AtomiCoffeeMak  2879 / HeimVisionSmar  2877 / 第三类     0（ 0.0%）
          只算{i,j}窗  0.9880 → 0.6901 (-0.2979)
          算整个区    0.9880 → 0.6901 (-0.2979)
          端到端 0.8787 → 0.8582 (-0.0205)

==========================================================================================================
EchoDot | SIMCAM1SAMPAKTec
  R3      inner 0.9223→0.9392 (rf/掩burst) 拒绝
          outer 区 n=   184  构成: EchoDot     0 / SIMCAM1SAMPAKT   184 / 第三类     0（ 0.0%）
          只算{i,j}窗  1.0000 → 1.0000 (+0.0000)
          算整个区    1.0000 → 1.0000 (+0.0000)
          端到端 0.8787 → 0.8787 (+0.0000)
  R3∩R1   inner 0.9210→0.9553 (rf/掩burst) 放行
          outer 区 n=   184  构成: EchoDot     0 / SIMCAM1SAMPAKT   184 / 第三类     0（ 0.0%）
          只算{i,j}窗  1.0000 → 1.0000 (+0.0000)
          算整个区    1.0000 → 1.0000 (+0.0000)
          端到端 0.8787 → 0.8787 (+0.0000)
  R2      inner 0.9578→0.9458 (rf/掩none) 拒绝
          outer 区 n=    73  构成: EchoDot     0 / SIMCAM1SAMPAKT    73 / 第三类     0（ 0.0%）
          只算{i,j}窗  1.0000 → 1.0000 (+0.0000)
          算整个区    1.0000 → 1.0000 (+0.0000)
          端到端 0.8787 → 0.8787 (+0.0000)

关键判读：GlobeLamp|GosundSocket 在 R3 下 outer n=7701 在位者 0.0000。
  若 R3∩R1 的 outer n 仍然很大 → top1 是对内另一个，R3∩R1 安全，战果保住；
  若 R3∩R1 的 outer n 塌到接近 0 → top1 是第三类，R3∩R1 会砍掉 CIC 的战果。

总耗时 773s
