8 台共同覆盖 51 天：2020-10-13 .. 2020-12-14
本次抽 12 天（均匀取样）：['2020-10-13', '2020-10-17', '2020-10-22', '2020-10-28', '2020-11-05', '2020-11-09', '2020-11-13', '2020-11-17', '2020-11-23', '2020-11-28', '2020-12-03', '2020-12-07']
  D-LinkCam1       累计 90189 窗   279s
  D-LinkCam2       累计 168985 窗   525s
  D-LinkDayCam1    累计 317018 窗   984s
  D-LinkDayCam2    累计 466614 窗   1445s
  D-LinkDayCam3    累计 617808 窗   1919s
  D-LinkDayCam4    累计 766899 窗   2388s
  D-LinkDayCam5    累计 916206 窗   2856s
  D-LinkDayCam6    累计 1066138 窗   3316s

写出 /home/lmy/iot-device-classification/results/dlink_cams/features_dlink_w10_12d.csv   1066138 行 × 69 列

=== 逐设备逐天窗口数 ===
day            2020-10-13  2020-10-17  2020-10-22  2020-10-28  2020-11-05  2020-11-09  2020-11-13  2020-11-17  2020-11-23  2020-11-28  2020-12-03  2020-12-07
device                                                                                                                                                       
D-LinkCam1           9507       16586       17492       16450        4150        4170        4153        4187        1754        3600        4076        4162
D-LinkCam2           9495        9873       17755       11252        4148        4133        4183        4176        1740        3581        4212        4180
D-LinkDayCam1        8755       15554       16323       12779       13178       12897       12911       13182       12816        4054       12818       12844
D-LinkDayCam2        8711       15546       15961       14970       13139       13105       12928       13127       12812        3974       12715       12521
D-LinkDayCam3        8667       15839       16118       15395       13310       12965       13126       13154       13140        4015       12725       12743
D-LinkDayCam4        8825       15244       16217       15159       13197       12735       12795       12947       12420        3943       12728       12896
D-LinkDayCam5        8847       15573       16337       15370       13076       12824       12746       12926       12768        3948       12417       12443
D-LinkDayCam6        8795       15612       16167       15356       13119       12823       12846       12948       12724        3938       12781       12816

总耗时 3356s
