==============================================================================================
③ 逐日漂移对在 (模型, 时长) 下能不能修   源 1102Idle → 目标 1108Active（跨日+跨状态）

  目标=1103Active（inner 用的那天）
    GosundESP10ACD8Plug|GosundESP147FF9Plug
      lr        k=1:0.3524 k=3:0.4295 k=5:0.4653 k=10:0.4821 k=20:0.4964
      rf        k=1:0.3807 k=3:0.5083 k=5:0.5279 k=10:0.5016 k=20:0.4602
      xgboost   k=1:0.3693 k=3:0.3962 k=5:0.4068 k=10:0.4331 k=20:0.4328
    GosundESP032979Plug|GosundESP1ACEE1Socke
      lr        k=1:0.8991 k=3:0.9984 k=5:1.0000 k=10:1.0000 k=20:1.0000
      rf        k=1:0.9996 k=3:1.0000 k=5:1.0000 k=10:1.0000 k=20:1.0000
      xgboost   k=1:0.9996 k=3:1.0000 k=5:1.0000 k=10:1.0000 k=20:1.0000

  目标=1108Active（outer）
    GosundESP10ACD8Plug|GosundESP147FF9Plug
      lr        k=1:0.3444 k=3:0.2936 k=5:0.2950 k=10:0.2993 k=20:0.2981
      rf        k=1:0.1752 k=3:0.1428 k=5:0.1462 k=10:0.1418 k=20:0.1102
      xgboost   k=1:0.1894 k=3:0.2207 k=5:0.2502 k=10:0.3206 k=20:0.3647
    GosundESP032979Plug|GosundESP1ACEE1Socke
      lr        k=1:0.9578 k=3:0.9964 k=5:1.0000 k=10:1.0000 k=20:1.0000
      rf        k=1:0.4933 k=3:0.5129 k=5:0.5207 k=10:0.5564 k=20:0.5724
      xgboost   k=1:0.6723 k=3:0.5387 k=5:0.4649 k=10:0.3653 k=20:0.3190

==============================================================================================
②' v3 的逐类 F1（UNSW outer 16-09-23 → 16-10-12，seed42）
  k_base=3   过闸 2 对：
    BelkinWemoMotion|BelkinWemoSwitch  → lr k=10  inner配置 0.9978 vs 在位者 0.5489
    NetatmoWeather|NetatmoWelcome  → rf k=10  inner配置 1.0000 vs 在位者 0.9872

  类                           base       +平滑       +v3
  BelkinWemoSwitch          0.4678    0.5285    0.9380
  BelkinWemoMotion          0.6343    0.7421    0.9422
  HPPrinter                 0.8442    0.9920    0.9920
  TribySpeaker              0.8450    0.9706    0.9706
  NetatmoWelcome            0.8646    0.9596    0.9599
  NetatmoWeather            0.9131    0.9457    0.9462
  AmazonEcho                0.9220    0.9923    0.9923
  SamsungSmartCam           0.9269    0.9972    0.9972
  SmartThings               0.9960    1.0000    1.0000
  Dropcam                   1.0000    1.0000    1.0000
  macro                     0.8414    0.9128    0.9738

总耗时 96s
