14 类   训练 60468  选参 59457   130 列
平滑 kb=10   选参天 macro（第一段后）=0.8966

========================================================================================================
BelkinWemoMotion | BelkinWemoSwitch   （选参天错 3603）
  R3      区 n=  8972  构成: 真类=BelkinWemoMo  3158 / BelkinWemoSw  3100 / 第三类  2714（30.2%）
          只算{i,j}窗   在位者 0.4244 → 修后 0.6031 (+0.1787)   ← 旧闸门看的是这个
          算整个区     在位者 0.5971 → 修后 0.4206 (-0.1764)   ← 我们实际作用的对象
          端到端 macro 0.8966 → 0.8880 (-0.0085)   最好配置 lr/掩interarrival
          旧闸门 放行   新闸门(整区) 拒绝   端到端实际 跌   ✓一致
  R3∩R1   区 n=  6258  构成: 真类=BelkinWemoMo  3158 / BelkinWemoSw  3100 / 第三类     0（ 0.0%）
          只算{i,j}窗   在位者 0.4244 → 修后 0.6031 (+0.1787)   ← 旧闸门看的是这个
          算整个区     在位者 0.4244 → 修后 0.6031 (+0.1787)   ← 我们实际作用的对象
          端到端 macro 0.8966 → 0.9323 (+0.0357)   最好配置 lr/掩interarrival
          旧闸门 放行   新闸门(整区) 放行   端到端实际 涨   ✓一致
  R2      区 n=  6125  构成: 真类=BelkinWemoMo  3032 / BelkinWemoSw  3093 / 第三类     0（ 0.0%）
          只算{i,j}窗   在位者 0.4124 → 修后 0.6047 (+0.1923)   ← 旧闸门看的是这个
          算整个区     在位者 0.4124 → 修后 0.6047 (+0.1923)   ← 我们实际作用的对象
          端到端 macro 0.8966 → 0.9335 (+0.0369)   最好配置 lr/掩up
          旧闸门 放行   新闸门(整区) 放行   端到端实际 涨   ✓一致

========================================================================================================
PIX-STAR | TribySpeaker   （选参天错 85）
  R3      区 n=  2652  构成: 真类=PIX-STAR    38 / TribySpeaker  2279 / 第三类   335（12.6%）
          只算{i,j}窗   在位者 0.9633 → 修后 0.7428 (-0.2205)   ← 旧闸门看的是这个
          算整个区     在位者 0.9679 → 修后 0.6489 (-0.3190)   ← 我们实际作用的对象
          端到端 macro 0.8966 → 0.8581 (-0.0385)   最好配置 rf/掩interarrival
          旧闸门 拒绝   新闸门(整区) 拒绝   端到端实际 跌   ✓一致
  R3∩R1   区 n=  2317  构成: 真类=PIX-STAR    38 / TribySpeaker  2279 / 第三类     0（ 0.0%）
          只算{i,j}窗   在位者 0.9633 → 修后 0.7428 (-0.2205)   ← 旧闸门看的是这个
          算整个区     在位者 0.9633 → 修后 0.7428 (-0.2205)   ← 我们实际作用的对象
          端到端 macro 0.8966 → 0.8656 (-0.0309)   最好配置 rf/掩interarrival
          旧闸门 拒绝   新闸门(整区) 拒绝   端到端实际 跌   ✓一致
  R2      区 n=  2252  构成: 真类=PIX-STAR    33 / TribySpeaker  2219 / 第三类     0（ 0.0%）
          只算{i,j}窗   在位者 0.9627 → 修后 0.7429 (-0.2198)   ← 旧闸门看的是这个
          算整个区     在位者 0.9627 → 修后 0.7429 (-0.2198)   ← 我们实际作用的对象
          端到端 macro 0.8966 → 0.8664 (-0.0302)   最好配置 rf/掩interarrival
          旧闸门 拒绝   新闸门(整区) 拒绝   端到端实际 跌   ✓一致

========================================================================================================
HPPrinter | TPLinkCam   （选参天错 79）
  R3      区 n=   834  构成: 真类=HPPrinter    57 / TPLinkCam   111 / 第三类   666（79.9%）
          只算{i,j}窗   在位者 0.9881 → 修后 0.9345 (-0.0536)   ← 旧闸门看的是这个
          算整个区     在位者 0.9976 → 修后 0.1882 (-0.8094)   ← 我们实际作用的对象
          端到端 macro 0.8966 → 0.8832 (-0.0133)   最好配置 lr/掩burst
          旧闸门 拒绝   新闸门(整区) 拒绝   端到端实际 跌   ✓一致
  R3∩R1   区 n=   168  构成: 真类=HPPrinter    57 / TPLinkCam   111 / 第三类     0（ 0.0%）
          只算{i,j}窗   在位者 0.9881 → 修后 0.9345 (-0.0536)   ← 旧闸门看的是这个
          算整个区     在位者 0.9881 → 修后 0.9345 (-0.0536)   ← 我们实际作用的对象
          端到端 macro 0.8966 → 0.8963 (-0.0003)   最好配置 lr/掩burst
          旧闸门 拒绝   新闸门(整区) 拒绝   端到端实际 跌   ✓一致
  R2      区 n=    81  构成: 真类=HPPrinter    37 / TPLinkCam    44 / 第三类     0（ 0.0%）
          只算{i,j}窗   在位者 0.9877 → 修后 0.9012 (-0.0864)   ← 旧闸门看的是这个
          算整个区     在位者 0.9877 → 修后 0.9012 (-0.0864)   ← 我们实际作用的对象
          端到端 macro 0.8966 → 0.8964 (-0.0002)   最好配置 rf/掩len
          旧闸门 拒绝   新闸门(整区) 拒绝   端到端实际 跌   ✓一致

判读：新闸门（整区记账）的放行/拒绝若与端到端涨跌一致 → 记账修好了；
      并比较三种施加面在端到端上的表现，据此定 C3 的区定义。
