  2021_11_02_Idle: 112755 窗   14s
  2021_11_08_Active: 81378 窗   28s
设备 36 → 类 29
源天词表 315 项

=== agg=1 (10s 单元)  29 类  训练 112737 测试 79980 ===
  byteiot k=1  macro=0.5216
  byteiot k=3  macro=0.5243
  byteiot k=5  macro=0.5268
  ours61(RF)   macro=0.7548
    byteiot: 错误 43114，前 5 对占 63.8%
       GlobeLampESPB1680C     GosundPlug              10611 (24.6%)
       GlobeLampESPB1680C     GosundSocket             5384 (12.5%)
       AtomiCoffeeMaker       Yutron                   4597 (10.7%)
       AtomiCoffeeMaker       Teckin                   4562 (10.6%)
       AtomiCoffeeMaker       HeimVisionSmartLifeRadioLamp   2362 ( 5.5%)
    ours61: 错误 25677，前 5 对占 78.0%
       GosundPlug             GosundSocket             9161 (35.7%)
       Teckin                 Yutron                   4395 (17.1%)
       GlobeLampESPB1680C     GosundPlug               3960 (15.4%)
       AtomiCoffeeMaker       HeimVisionSmartLifeRadioLamp   1703 ( 6.6%)
       AmazonAlexaEchoSpot    EchoDot                   801 ( 3.1%)

=== agg=6 (60s 单元)  29 类  训练 18777 测试 13319 ===
  byteiot k=1  macro=0.7577
  byteiot k=3  macro=0.7645
  byteiot k=5  macro=0.7663
  ours61(RF)   macro=0.7574
    byteiot: 错误 4618，前 5 对占 86.3%
       GlobeLampESPB1680C     GosundPlug               1789 (38.7%)
       GlobeLampESPB1680C     GosundSocket              910 (19.7%)
       AtomiCoffeeMaker       Yutron                    492 (10.7%)
       AtomiCoffeeMaker       Teckin                    485 (10.5%)
       Teckin                 Yutron                    308 ( 6.7%)
    ours61: 错误 4076，前 5 对占 85.6%
       GosundPlug             GosundSocket             1319 (32.4%)
       Teckin                 Yutron                    738 (18.1%)
       GlobeLampESPB1680C     GosundPlug                723 (17.7%)
       GoogleNestMini         NestIndoorCamera          466 (11.4%)
       ArloBaseStation        ArloQCamera               242 ( 5.9%)

=== agg=30 (300s 单元)  29 类  训练 3743 测试 2650 ===
  byteiot k=1  macro=0.8185
  byteiot k=3  macro=0.8137
  byteiot k=5  macro=0.8209
  ours61(RF)   macro=0.7844
    byteiot: 错误 790，前 5 对占 92.2%
       GlobeLampESPB1680C     GosundPlug                341 (43.2%)
       GlobeLampESPB1680C     GosundSocket              174 (22.0%)
       Teckin                 Yutron                    138 (17.5%)
       AmazonAlexaEchoSpot    ArloQCamera                44 ( 5.6%)
       AtomiCoffeeMaker       Teckin                     31 ( 3.9%)
    ours61: 错误 800，前 5 对占 89.4%
       GosundPlug             GosundSocket              282 (35.2%)
       GlobeLampESPB1680C     GosundPlug                152 (19.0%)
       Teckin                 Yutron                    148 (18.5%)
       GoogleNestMini         NestIndoorCamera           96 (12.0%)
       AmazonAlexaEchoStudio  ArloQCamera                37 ( 4.6%)

=== agg=60 (600s 单元)  29 类  训练 1863 测试 1316 ===
  byteiot k=1  macro=0.8199
  byteiot k=3  macro=0.8206
  byteiot k=5  macro=0.8154
  ours61(RF)   macro=0.7778
    byteiot: 错误 376，前 5 对占 87.8%
       GlobeLampESPB1680C     GosundPlug                150 (39.9%)
       GlobeLampESPB1680C     GosundSocket               77 (20.5%)
       Teckin                 Yutron                     61 (16.2%)
       AmazonAlexaEchoSpot    ArloQCamera                28 ( 7.4%)
       GosundPlug             GosundSocket               14 ( 3.7%)
    ours61: 错误 402，前 5 对占 85.8%
       GosundPlug             GosundSocket              142 (35.3%)
       Teckin                 Yutron                     66 (16.4%)
       GlobeLampESPB1680C     GosundPlug                 64 (15.9%)
       BorunSichuanAICamera   NestIndoorCamera           48 (11.9%)
       AmazonAlexaEchoStudio  EchoDot                    25 ( 6.2%)

=== agg=120 (1200s 单元)  29 类  训练 923 测试 648 ===
  byteiot k=1  macro=0.8108
  byteiot k=3  macro=0.8081
  byteiot k=5  macro=0.8175
  ours61(RF)   macro=0.7486
    byteiot: 错误 173，前 5 对占 85.5%
       GlobeLampESPB1680C     GosundPlug                 59 (34.1%)
       Teckin                 Yutron                     29 (16.8%)
       GlobeLampESPB1680C     GosundSocket               26 (15.0%)
       GosundPlug             GosundSocket               18 (10.4%)
       AmazonAlexaEchoSpot    ArloQCamera                16 ( 9.2%)
    ours61: 错误 225，前 5 对占 81.3%
       GosundPlug             GosundSocket               70 (31.1%)
       GlobeLampESPB1680C     GosundPlug                 43 (19.1%)
       Teckin                 Yutron                     34 (15.1%)
       BorunSichuanAICamera   NestIndoorCamera           23 (10.2%)
       AmazonAlexaEchoStudio  ArloQCamera                13 ( 5.8%)

=== agg=240 (2400s 单元)  29 类  训练 452 测试 317 ===
  byteiot k=1  macro=0.7937
  byteiot k=3  macro=0.8035
  byteiot k=5  macro=0.8222
  ours61(RF)   macro=0.7453
    byteiot: 错误 77，前 5 对占 88.3%
       GlobeLampESPB1680C     GosundPlug                 19 (24.7%)
       Teckin                 Yutron                     18 (23.4%)
       GosundPlug             GosundSocket               15 (19.5%)
       ArloBaseStation        ArloQCamera                 9 (11.7%)
       GlobeLampESPB1680C     GosundSocket                7 ( 9.1%)
    ours61: 错误 105，前 5 对占 78.1%
       GosundPlug             GosundSocket               27 (25.7%)
       GlobeLampESPB1680C     GosundPlug                 20 (19.0%)
       Teckin                 Yutron                     14 (13.3%)
       BorunSichuanAICamera   NestIndoorCamera           11 (10.5%)
       AmazonAlexaEchoStudio  EchoDot                    10 ( 9.5%)

=== 汇总（每粒度取最好）===
arm         byteiot  ours61
agg unit_s                 
1   10       0.5268  0.7548
6   60       0.7663  0.7574
30  300      0.8209  0.7844
60  600      0.8206  0.7778
120 1200     0.8175  0.7486
240 2400     0.8222  0.7453

判读：ESP 三对在 300s 聚合后若消失 → 困难簇是短窗产物，框架要重做；
      若仍占主要错误   → 困难簇与粒度无关，我们的问题成立。

总耗时 73s
