36 类  61 列

类对                                                      Idle内   Active内  Idle→Active
/home/lmy/anaconda3/envs/iotcls/lib/python3.11/site-packages/sklearn/linear_model/_logistic.py:1457: FutureWarning: 'n_jobs' has no effect since 1.8 and will be removed in 1.10. You provided 'n_jobs=1', please leave it unspecified.
  warnings.warn(msg, category=FutureWarning)
/home/lmy/anaconda3/envs/iotcls/lib/python3.11/site-packages/sklearn/linear_model/_logistic.py:1457: FutureWarning: 'n_jobs' has no effect since 1.8 and will be removed in 1.10. You provided 'n_jobs=1', please leave it unspecified.
  warnings.warn(msg, category=FutureWarning)
/home/lmy/anaconda3/envs/iotcls/lib/python3.11/site-packages/sklearn/linear_model/_logistic.py:1457: FutureWarning: 'n_jobs' has no effect since 1.8 and will be removed in 1.10. You provided 'n_jobs=1', please leave it unspecified.
  warnings.warn(msg, category=FutureWarning)
GosundESP032979Plug|GosundESP1ACEE1Socket              0.7677   1.0000     0.0620
/home/lmy/anaconda3/envs/iotcls/lib/python3.11/site-packages/sklearn/linear_model/_logistic.py:1457: FutureWarning: 'n_jobs' has no effect since 1.8 and will be removed in 1.10. You provided 'n_jobs=1', please leave it unspecified.
  warnings.warn(msg, category=FutureWarning)
/home/lmy/anaconda3/envs/iotcls/lib/python3.11/site-packages/sklearn/linear_model/_logistic.py:1457: FutureWarning: 'n_jobs' has no effect since 1.8 and will be removed in 1.10. You provided 'n_jobs=1', please leave it unspecified.
  warnings.warn(msg, category=FutureWarning)
/home/lmy/anaconda3/envs/iotcls/lib/python3.11/site-packages/sklearn/linear_model/_logistic.py:1457: FutureWarning: 'n_jobs' has no effect since 1.8 and will be removed in 1.10. You provided 'n_jobs=1', please leave it unspecified.
  warnings.warn(msg, category=FutureWarning)
GosundESP10ACD8Plug|GosundESP147FF9Plug                1.0000   0.9892     0.1506
/home/lmy/anaconda3/envs/iotcls/lib/python3.11/site-packages/sklearn/linear_model/_logistic.py:1457: FutureWarning: 'n_jobs' has no effect since 1.8 and will be removed in 1.10. You provided 'n_jobs=1', please leave it unspecified.
  warnings.warn(msg, category=FutureWarning)
/home/lmy/anaconda3/envs/iotcls/lib/python3.11/site-packages/sklearn/linear_model/_logistic.py:1457: FutureWarning: 'n_jobs' has no effect since 1.8 and will be removed in 1.10. You provided 'n_jobs=1', please leave it unspecified.
  warnings.warn(msg, category=FutureWarning)
/home/lmy/anaconda3/envs/iotcls/lib/python3.11/site-packages/sklearn/linear_model/_logistic.py:1457: FutureWarning: 'n_jobs' has no effect since 1.8 and will be removed in 1.10. You provided 'n_jobs=1', please leave it unspecified.
  warnings.warn(msg, category=FutureWarning)
AmazonAlexaEchoDot1|AmazonAlexaEchoDot2                0.5370   0.5538     0.4833
/home/lmy/anaconda3/envs/iotcls/lib/python3.11/site-packages/sklearn/linear_model/_logistic.py:1457: FutureWarning: 'n_jobs' has no effect since 1.8 and will be removed in 1.10. You provided 'n_jobs=1', please leave it unspecified.
  warnings.warn(msg, category=FutureWarning)
/home/lmy/anaconda3/envs/iotcls/lib/python3.11/site-packages/sklearn/linear_model/_logistic.py:1457: FutureWarning: 'n_jobs' has no effect since 1.8 and will be removed in 1.10. You provided 'n_jobs=1', please leave it unspecified.
  warnings.warn(msg, category=FutureWarning)
/home/lmy/anaconda3/envs/iotcls/lib/python3.11/site-packages/sklearn/linear_model/_logistic.py:1457: FutureWarning: 'n_jobs' has no effect since 1.8 and will be removed in 1.10. You provided 'n_jobs=1', please leave it unspecified.
  warnings.warn(msg, category=FutureWarning)
TeckinPlug1|TeckinPlug2                                0.8633   0.9088     0.9137
/home/lmy/anaconda3/envs/iotcls/lib/python3.11/site-packages/sklearn/linear_model/_logistic.py:1457: FutureWarning: 'n_jobs' has no effect since 1.8 and will be removed in 1.10. You provided 'n_jobs=1', please leave it unspecified.
  warnings.warn(msg, category=FutureWarning)
/home/lmy/anaconda3/envs/iotcls/lib/python3.11/site-packages/sklearn/linear_model/_logistic.py:1457: FutureWarning: 'n_jobs' has no effect since 1.8 and will be removed in 1.10. You provided 'n_jobs=1', please leave it unspecified.
  warnings.warn(msg, category=FutureWarning)
/home/lmy/anaconda3/envs/iotcls/lib/python3.11/site-packages/sklearn/linear_model/_logistic.py:1457: FutureWarning: 'n_jobs' has no effect since 1.8 and will be removed in 1.10. You provided 'n_jobs=1', please leave it unspecified.
  warnings.warn(msg, category=FutureWarning)
YutronPlug1|YutronPlug2                                0.5413   0.5687     0.5649
/home/lmy/anaconda3/envs/iotcls/lib/python3.11/site-packages/sklearn/linear_model/_logistic.py:1457: FutureWarning: 'n_jobs' has no effect since 1.8 and will be removed in 1.10. You provided 'n_jobs=1', please leave it unspecified.
  warnings.warn(msg, category=FutureWarning)
/home/lmy/anaconda3/envs/iotcls/lib/python3.11/site-packages/sklearn/linear_model/_logistic.py:1457: FutureWarning: 'n_jobs' has no effect since 1.8 and will be removed in 1.10. You provided 'n_jobs=1', please leave it unspecified.
  warnings.warn(msg, category=FutureWarning)
/home/lmy/anaconda3/envs/iotcls/lib/python3.11/site-packages/sklearn/linear_model/_logistic.py:1457: FutureWarning: 'n_jobs' has no effect since 1.8 and will be removed in 1.10. You provided 'n_jobs=1', please leave it unspecified.
  warnings.warn(msg, category=FutureWarning)
AMCRESTWiFiCamera|iRobotRoomba                         0.9538   0.9730     0.8099

判读：同域高(>0.9) + 跨域低(<0.2) = 纯跨域翻转，方法管辖内
      同域也低              = 不可识别或标签映射问题，方法管辖外
