设备 23 台   天 ['16-09-23', '16-09-24', '16-09-25', '16-09-26', '16-09-27', '16-09-28', '16-09-29', '16-10-01', '16-10-02', '16-10-03', '16-10-04', '16-10-05', '16-10-06', '16-10-07', '16-10-08', '16-10-09', '16-10-10']   源天 ['16-09-23']
  16-09-23  窗 60482   11s
  16-09-24  窗 60551   55s
  16-09-25  窗 59629   61s
  16-09-26  窗 58916   67s
  16-09-27  窗 58788   73s
  16-09-28  窗 70002   130s
  16-09-29  窗 78105   139s
  16-10-01  窗 77688   147s
  16-10-02  窗 73563   154s
  16-10-03  窗 75886   162s
  16-10-04  窗 72338   209s
  16-10-05  窗 74313   229s
  16-10-06  窗 68491   237s
  16-10-07  窗 67714   253s
  16-10-08  窗 60464   261s
  16-10-09  窗 60831   267s
  16-10-10  窗 62220   274s

源天候选长度 144 种 → 目标 top32: [np.int64(43), np.int64(54), np.int64(58), np.int64(60), np.int64(66), np.int64(91), np.int64(95), np.int64(106), np.int64(107), np.int64(109), np.int64(118), np.int64(123), np.int64(135), np.int64(156), np.int64(160), np.int64(172), np.int64(259), np.int64(342), np.int64(350), np.int64(421), np.int64(458), np.int64(469), np.int64(483), np.int64(489), np.int64(493), np.int64(501), np.int64(506), np.int64(520), np.int64(522), np.int64(526), np.int64(530), np.int64(538)]
写出 results/unsw_reserve_16day/lenhist_unsw_w10_reserve16.csv   1139981 行 × 72 列
逐天窗口数：
day
16-09-23    60482
16-09-24    60551
16-09-25    59629
16-09-26    58916
16-09-27    58788
16-09-28    70002
16-09-29    78105
16-10-01    77688
16-10-02    73563
16-10-03    75886
16-10-04    72338
16-10-05    74313
16-10-06    68491
16-10-07    67714
16-10-08    60464
16-10-09    60831
16-10-10    62220

总耗时 310s
