
============================================================================================
UNSW 16-09-23 → 16-09-30   14 类  61 列

  BelkinWemoMotion | BelkinWemoSwitch   源 2856 窗 / 目标 6325 窗
    LR(现诊断量)       k=1:0.6917  k=2:0.8077  k=3:0.9001  k=5:0.9903  k=10:1.0000  k=20:1.0000  k=40:1.0000
    RandomForest   k=1:0.5389  k=2:0.5532  k=3:0.5647  k=5:0.5706  k=10:0.5602  k=20:0.5327  k=40:0.4922
    xgboost        k=1:0.5549  k=2:0.5486  k=3:0.5544  k=5:0.5596  k=10:0.5464  k=20:0.5146  k=40:0.4714

  NetatmoWelcome | TribySpeaker   源 2856 窗 / 目标 8569 窗
    LR(现诊断量)       k=1:0.4194  k=2:0.4331  k=3:0.4424  k=5:0.4420  k=10:0.4389  k=20:0.4326  k=40:0.4207
    RandomForest   k=1:0.9934  k=2:0.9980  k=3:0.9996  k=5:0.9999  k=10:1.0000  k=20:1.0000  k=40:1.0000
    xgboost        k=1:0.9792  k=2:0.9931  k=3:0.9967  k=5:0.9995  k=10:1.0000  k=20:1.0000  k=40:1.0000

============================================================================================
UNSW 16-09-30 → 16-10-12   13 类  61 列

  BelkinWemoMotion | BelkinWemoSwitch   源 3076 窗 / 目标 3938 窗
    LR(现诊断量)       k=1:0.6696  k=2:0.7897  k=3:0.8929  k=5:0.9847  k=10:0.9999  k=20:1.0000  k=40:1.0000
    RandomForest   k=1:0.6574  k=2:0.7299  k=3:0.7885  k=5:0.8837  k=10:0.9547  k=20:0.9918  k=40:1.0000
    xgboost        k=1:0.6582  k=2:0.7257  k=3:0.7871  k=5:0.8826  k=10:0.9526  k=20:0.9919  k=40:1.0000

  NetatmoWelcome | TribySpeaker   源 3076 窗 / 目标 5066 窗
    LR(现诊断量)       k=1:0.8988  k=2:0.9590  k=3:0.9815  k=5:0.9953  k=10:0.9998  k=20:1.0000  k=40:1.0000
    RandomForest   k=1:0.9999  k=2:1.0000  k=3:1.0000  k=5:1.0000  k=10:1.0000  k=20:1.0000  k=40:1.0000
    xgboost        k=1:0.9999  k=2:1.0000  k=3:1.0000  k=5:1.0000  k=10:1.0000  k=20:1.0000  k=40:1.0000

============================================================================================
UNSW 16-09-23 → 16-10-12   10 类  61 列

  BelkinWemoMotion | BelkinWemoSwitch   源 4000 窗 / 目标 3938 窗
    LR(现诊断量)       k=1:0.6721  k=2:0.8003  k=3:0.8905  k=5:0.9841  k=10:0.9999  k=20:1.0000  k=40:1.0000
    RandomForest   k=1:0.6637  k=2:0.7529  k=3:0.8205  k=5:0.9074  k=10:0.9718  k=20:0.9957  k=40:1.0000
    xgboost        k=1:0.6863  k=2:0.7596  k=3:0.8271  k=5:0.9167  k=10:0.9768  k=20:0.9988  k=40:1.0000

  NetatmoWelcome | TribySpeaker   源 4000 窗 / 目标 5066 窗
    LR(现诊断量)       k=1:0.4021  k=2:0.4182  k=3:0.4406  k=5:0.4416  k=10:0.4419  k=20:0.4310  k=40:0.4321
    RandomForest   k=1:0.9940  k=2:0.9984  k=3:0.9999  k=5:1.0000  k=10:1.0000  k=20:1.0000  k=40:1.0000
    xgboost        k=1:0.9823  k=2:0.9937  k=3:0.9953  k=5:0.9992  k=10:1.0000  k=20:1.0000  k=40:1.0000

============================================================================================
CIC 1102 Idle → Active   36 类  61 列

  AmazonAlexaEchoDot1 | AmazonAlexaEchoDot2   源 1110 窗 / 目标 3222 窗
    LR(现诊断量)       k=1:0.4858  k=2:0.4756  k=3:0.4653  k=5:0.4591  k=10:0.4218  k=20:0.4013  k=40:0.3312
    RandomForest   k=1:0.5400  k=2:0.5590  k=3:0.5739  k=5:0.5865  k=10:0.6040  k=20:0.6123  k=40:0.6021
    xgboost        k=1:0.5510  k=2:0.5644  k=3:0.5762  k=5:0.5875  k=10:0.6041  k=20:0.6149  k=40:0.5931

  YutronPlug1 | YutronPlug2   源 1110 窗 / 目标 5098 窗
    LR(现诊断量)       k=1:0.5919  k=2:0.6438  k=3:0.6883  k=5:0.7340  k=10:0.7845  k=20:0.8323  k=40:0.8769
    RandomForest   k=1:0.6984  k=2:0.7371  k=3:0.7744  k=5:0.8198  k=10:0.8741  k=20:0.9056  k=40:0.9450
    xgboost        k=1:0.7449  k=2:0.7955  k=3:0.8339  k=5:0.8771  k=10:0.9156  k=20:0.9457  k=40:0.9667

  TeckinPlug1 | YutronPlug2   源 1110 窗 / 目标 5381 窗
    LR(现诊断量)       k=1:0.5060  k=2:0.5023  k=3:0.4978  k=5:0.4915  k=10:0.4794  k=20:0.4632  k=40:0.4429
    RandomForest   k=1:0.5256  k=2:0.5366  k=3:0.5468  k=5:0.5566  k=10:0.5777  k=20:0.6081  k=40:0.6656
    xgboost        k=1:0.5962  k=2:0.6416  k=3:0.6785  k=5:0.7285  k=10:0.8027  k=20:0.8638  k=40:0.9120

  GlobeLampESPB1680C | GosundESP039AAFSocket   源 1110 窗 / 目标 5716 窗
    LR(现诊断量)       k=1:0.9997  k=2:1.0000  k=3:1.0000  k=5:1.0000  k=10:1.0000  k=20:1.0000  k=40:1.0000
    RandomForest   k=1:0.1790  k=2:0.1613  k=3:0.1201  k=5:0.0881  k=10:0.0885  k=20:0.0832  k=40:0.0825
    xgboost        k=1:0.1431  k=2:0.1662  k=3:0.1873  k=5:0.2140  k=10:0.2249  k=20:0.2454  k=40:0.2583

总耗时 22s
