10 类  130 列  对象 BelkinWemoMotion|BelkinWemoSwitch  区 R2  3s
专用候选 28 个（14 掩码 × 2 模型），全部训练于 16-09-23   113s
平滑窗 kb=3

  16-09-30  区 n=  5321  在位者=0.5097   116s
  16-10-11  区 n=  5086  在位者=0.6294   118s
  16-10-12  区 n=  2942  在位者=0.6322   120s

========================================================================================
=== 3×3：行=导出天，列=施加天，值=区上增幅 ===
          16-09-30  16-10-11  16-10-12
16-09-30    0.0684    0.0551    0.0489
16-10-11    0.0684    0.0551    0.0489
16-10-12    0.0626    0.0499    0.0537

各天选出的配置：
  导出于 16-09-30 → lr/掩lenhist
  导出于 16-10-11 → lr/掩lenhist
  导出于 16-10-12 → lr/掩len

各天在位者（headroom 的代理）：
  16-09-30  在位者=0.5097  区 n=5321
  16-10-11  在位者=0.6294  区 n=5086
  16-10-12  在位者=0.6322  区 n=2942

========================================================================================
=== 分离 ===
【选择偏差】固定施加天，对角 − 非对角均值（施加天相同 ⇒ headroom 相同）：
  施加于 16-09-30：对角 +0.0684  非对角均值 +0.0655  → 选择偏差 +0.0029
  施加于 16-10-11：对角 +0.0551  非对角均值 +0.0525  → 选择偏差 +0.0026
  施加于 16-10-12：对角 +0.0537  非对角均值 +0.0489  → 选择偏差 +0.0048
  平均选择偏差 = +0.0034

【headroom 效应】固定导出天，增幅随施加天在位者的变化：
  导出于 16-09-30：16-10-11(在位者0.629) +0.0551   16-10-12(在位者0.632) +0.0489
  导出于 16-10-11：16-09-30(在位者0.510) +0.0684   16-10-12(在位者0.632) +0.0489
  导出于 16-10-12：16-09-30(在位者0.510) +0.0626   16-10-11(在位者0.629) +0.0499
  在位者 vs 无偏增幅 的相关 r = -0.983（负 ⇒ 在位者越高可捞越少）

对照 C3 确证：选参天 +0.0684 → 保留 16 天 +0.0417（缩水 0.0267）
若 平均选择偏差 ≈ 0.027 → 缩水主要是选择偏差；
若 平均选择偏差 << 0.027 → 缩水主要来自 headroom 差异。

总耗时 120s
