烟测（审计改动 1/8/9）  10 类  施加天 ['16-10-11', '16-10-12']（已烧）
RF 是否仍带 class_weight: 否（缺陷 8 已生效）

####################################################################################################
### 臂 B —— 完整管线（RF300 + 因果概率平滑 + 逐对闸门（区逐对选∈['R2', 'R3nR1', 'R3']，整区记账））  seed=42
####################################################################################################
特征池 61+69=130 列   1s
保留集 79135 窗  lenhist 缺 0   1s
训练 48282  选参 47355  保留 79135   平滑分组=(day,device)   2s
平滑窗 kb=3（在 16-09-30 上选）
保留集 macro：base=0.8521   +第一段(平滑)=0.9166

困难对（16-09-30 错误量前 8）：
  BelkinWemoMotion|BelkinWemoSwitch  错 3042
  NetatmoWeather|NetatmoWelcome  错 68
  NetatmoWelcome|TribySpeaker  错 14
  BelkinWemoSwitch|NetatmoWelcome  错 11
  AmazonEcho|NetatmoWeather  错 11
  BelkinWemoMotion|NetatmoWelcome  错 8
  BelkinWemoSwitch|SamsungSmartCam  错 8
  NetatmoWelcome|SamsungSmartCam  错 7

=== 第二段：在 16-09-30 上导出配置（14 掩码 × ['lr', 'rf']，区逐对选，整区记账）===
    R2     区 n=  5321 (第三类 1,  0.0%)  0.5097→0.5781 (lr/掩lenhist)  过闸
    R3nR1  区 n=  6054 (第三类 12,  0.2%)  0.5122→0.5728 (lr/掩down)  过闸
    R3     区 n=  9763 (第三类 3711, 38.0%)  0.6964→0.3555 (lr/掩down)  不过闸
  BelkinWemoMotion      |BelkinWemoSwitch       → 选 R2 0.5097→0.5781 (lr/掩lenhist)  **过闸**
    R2     区 n=    85 (第三类 0,  0.0%)  0.8824→0.7294 (lr/掩up)  不过闸
    R3nR1  区 n=   494 (第三类 0,  0.0%)  0.9757→0.9494 (lr/掩up)  不过闸
    R3     区 n=   533 (第三类 35,  6.6%)  0.9700→0.8837 (lr/掩up)  不过闸
  NetatmoWeather|NetatmoWelcome  不过闸（3 个区够大，但没有配置能改善）
    R2     区 n=   435 (第三类 2,  0.5%)  0.9724→0.9310 (lr/掩long)  不过闸
    R3nR1  区 n=  1222 (第三类 2,  0.2%)  0.9902→0.9403 (lr/掩long)  不过闸
    R3     区 n=  1388 (第三类 167, 12.0%)  0.9892→0.8285 (lr/掩long)  不过闸
  NetatmoWelcome|TribySpeaker  不过闸（3 个区够大，但没有配置能改善）
    R2     区 n=  1000 (第三类 18,  1.8%)  0.9750→0.9400 (lr/掩interarrival)  不过闸
    R3nR1  区 n=  4710 (第三类 388,  8.2%)  0.9155→0.9070 (lr/掩up)  不过闸
    R3     区 n=  7638 (第三类 2635, 34.5%)  0.8578→0.6453 (lr/掩interarrival)  不过闸
  BelkinWemoSwitch|NetatmoWelcome  不过闸（3 个区够大，但没有配置能改善）
    R2     区 n=  1406 (第三类 0,  0.0%)  0.9986→1.0000 (lr/掩none)  不过闸
    R3nR1  区 n=  1609 (第三类 0,  0.0%)  0.9975→0.9888 (lr/掩none)  不过闸
    R3     区 n=  1657 (第三类 36,  2.2%)  0.9903→0.9638 (lr/掩none)  不过闸
  AmazonEcho            |NetatmoWeather         → 选 R2 0.9986→1.0000 (lr/掩none)  不过闸
    R2     区 n=  1102 (第三类 104,  9.4%)  0.8984→0.8811 (lr/掩lenhist)  不过闸
    R3nR1  区 n=  3658 (第三类 747, 20.4%)  0.7936→0.7829 (lr/掩lenhist)  不过闸
    R3     区 n=  5905 (第三类 2662, 45.1%)  0.8157→0.5392 (lr/掩lenhist)  不过闸
  BelkinWemoMotion|NetatmoWelcome  不过闸（3 个区够大，但没有配置能改善）
    R2     区 n=   458 (第三类 11,  2.4%)  0.9694→0.8974 (rf/掩lenhist)  不过闸
    R3nR1  区 n=  1812 (第三类 125,  6.9%)  0.9272→0.9056 (lr/掩lenhist)  不过闸
    R3     区 n=  4619 (第三类 2506, 54.3%)  0.8790→0.4440 (lr/掩burst)  不过闸
  BelkinWemoSwitch|SamsungSmartCam  不过闸（3 个区够大，但没有配置能改善）
    R2     区 n=  1639 (第三类 1,  0.1%)  0.9963→0.9616 (lr/掩none)  不过闸
    R3nR1  区 n=  2988 (第三类 9,  0.3%)  0.9946→0.9712 (lr/掩none)  不过闸
    R3     区 n=  4663 (第三类 1679, 36.0%)  0.9910→0.6230 (lr/掩none)  不过闸
  NetatmoWelcome|SamsungSmartCam  不过闸（3 个区够大，但没有配置能改善）

过闸 1 对   625s
    BelkinWemoMotion      |BelkinWemoSwitch       [R2] 区 n=  8028 (第三类 1,  0.0%)  整区在位者=0.6304 → 修后=0.6832 (+0.0528)

=== 臂 B 保留集（合并 16 天，seed=42）===
  base            0.8521
  +第一段(平滑)     0.9166   Δ=+0.0646
  +第二段(定点修)    0.9270   Δ=+0.0103

  逐天（次要终点，不参与判定）：
    16-10-11  n= 49455  base=0.8519  平滑=0.9168  修后=0.9275
    16-10-12  n= 29680  base=0.8524  平滑=0.9164  修后=0.9261

================================================================================
=== 烟测判读 ===
  过闸 1 对   端到端 base=0.8521 平滑=0.9166 修后=0.9270  Δ=+0.0103
  对照 C3 确证（保留 16 天，改动前）：base 0.8620 平滑 0.9183 修后 0.9263 Δ=+0.0080
  对照 上次已烧天试跑（改动前）：      base 0.8521 平滑 0.9166 修后 0.9191 Δ=+0.0024

  判据：跑通无警告 → 改动无连带；Δ 若掉超过 0.01 → 缺陷 8 改反了。
  总耗时 626s
