36 类  61 列
类对                                                Idle随机    Idle时块     Act随机     Act时块       跨域
-----------------------------------------------------------------------------------------------
/home/lmy/anaconda3/envs/iotcls/lib/python3.11/site-packages/sklearn/linear_model/_logistic.py:1457: FutureWarning: 'n_jobs' has no effect since 1.8 and will be removed in 1.10. You provided 'n_jobs=1', please leave it unspecified.
  warnings.warn(msg, category=FutureWarning)
/home/lmy/anaconda3/envs/iotcls/lib/python3.11/site-packages/sklearn/linear_model/_logistic.py:1457: FutureWarning: 'n_jobs' has no effect since 1.8 and will be removed in 1.10. You provided 'n_jobs=1', please leave it unspecified.
  warnings.warn(msg, category=FutureWarning)
/home/lmy/anaconda3/envs/iotcls/lib/python3.11/site-packages/sklearn/linear_model/_logistic.py:1457: FutureWarning: 'n_jobs' has no effect since 1.8 and will be removed in 1.10. You provided 'n_jobs=1', please leave it unspecified.
  warnings.warn(msg, category=FutureWarning)
/home/lmy/anaconda3/envs/iotcls/lib/python3.11/site-packages/sklearn/linear_model/_logistic.py:1457: FutureWarning: 'n_jobs' has no effect since 1.8 and will be removed in 1.10. You provided 'n_jobs=1', please leave it unspecified.
  warnings.warn(msg, category=FutureWarning)
/home/lmy/anaconda3/envs/iotcls/lib/python3.11/site-packages/sklearn/linear_model/_logistic.py:1457: FutureWarning: 'n_jobs' has no effect since 1.8 and will be removed in 1.10. You provided 'n_jobs=1', please leave it unspecified.
  warnings.warn(msg, category=FutureWarning)
GosundESP10ACD8Plug|GosundESP147FF9Plug           0.9995    1.0000    0.9949    1.0000   0.1506
/home/lmy/anaconda3/envs/iotcls/lib/python3.11/site-packages/sklearn/linear_model/_logistic.py:1457: FutureWarning: 'n_jobs' has no effect since 1.8 and will be removed in 1.10. You provided 'n_jobs=1', please leave it unspecified.
  warnings.warn(msg, category=FutureWarning)
/home/lmy/anaconda3/envs/iotcls/lib/python3.11/site-packages/sklearn/linear_model/_logistic.py:1457: FutureWarning: 'n_jobs' has no effect since 1.8 and will be removed in 1.10. You provided 'n_jobs=1', please leave it unspecified.
  warnings.warn(msg, category=FutureWarning)
/home/lmy/anaconda3/envs/iotcls/lib/python3.11/site-packages/sklearn/linear_model/_logistic.py:1457: FutureWarning: 'n_jobs' has no effect since 1.8 and will be removed in 1.10. You provided 'n_jobs=1', please leave it unspecified.
  warnings.warn(msg, category=FutureWarning)
/home/lmy/anaconda3/envs/iotcls/lib/python3.11/site-packages/sklearn/linear_model/_logistic.py:1457: FutureWarning: 'n_jobs' has no effect since 1.8 and will be removed in 1.10. You provided 'n_jobs=1', please leave it unspecified.
  warnings.warn(msg, category=FutureWarning)
/home/lmy/anaconda3/envs/iotcls/lib/python3.11/site-packages/sklearn/linear_model/_logistic.py:1457: FutureWarning: 'n_jobs' has no effect since 1.8 and will be removed in 1.10. You provided 'n_jobs=1', please leave it unspecified.
  warnings.warn(msg, category=FutureWarning)
GosundESP032979Plug|GosundESP1ACEE1Socket         0.8255    0.9989    0.9983    0.9994   0.0620
/home/lmy/anaconda3/envs/iotcls/lib/python3.11/site-packages/sklearn/linear_model/_logistic.py:1457: FutureWarning: 'n_jobs' has no effect since 1.8 and will be removed in 1.10. You provided 'n_jobs=1', please leave it unspecified.
  warnings.warn(msg, category=FutureWarning)
/home/lmy/anaconda3/envs/iotcls/lib/python3.11/site-packages/sklearn/linear_model/_logistic.py:1457: FutureWarning: 'n_jobs' has no effect since 1.8 and will be removed in 1.10. You provided 'n_jobs=1', please leave it unspecified.
  warnings.warn(msg, category=FutureWarning)
/home/lmy/anaconda3/envs/iotcls/lib/python3.11/site-packages/sklearn/linear_model/_logistic.py:1457: FutureWarning: 'n_jobs' has no effect since 1.8 and will be removed in 1.10. You provided 'n_jobs=1', please leave it unspecified.
  warnings.warn(msg, category=FutureWarning)
/home/lmy/anaconda3/envs/iotcls/lib/python3.11/site-packages/sklearn/linear_model/_logistic.py:1457: FutureWarning: 'n_jobs' has no effect since 1.8 and will be removed in 1.10. You provided 'n_jobs=1', please leave it unspecified.
  warnings.warn(msg, category=FutureWarning)
/home/lmy/anaconda3/envs/iotcls/lib/python3.11/site-packages/sklearn/linear_model/_logistic.py:1457: FutureWarning: 'n_jobs' has no effect since 1.8 and will be removed in 1.10. You provided 'n_jobs=1', please leave it unspecified.
  warnings.warn(msg, category=FutureWarning)
AmazonAlexaEchoDot1|AmazonAlexaEchoDot2           0.5206    0.5425    0.5797    0.5889   0.4833
/home/lmy/anaconda3/envs/iotcls/lib/python3.11/site-packages/sklearn/linear_model/_logistic.py:1457: FutureWarning: 'n_jobs' has no effect since 1.8 and will be removed in 1.10. You provided 'n_jobs=1', please leave it unspecified.
  warnings.warn(msg, category=FutureWarning)
/home/lmy/anaconda3/envs/iotcls/lib/python3.11/site-packages/sklearn/linear_model/_logistic.py:1457: FutureWarning: 'n_jobs' has no effect since 1.8 and will be removed in 1.10. You provided 'n_jobs=1', please leave it unspecified.
  warnings.warn(msg, category=FutureWarning)
/home/lmy/anaconda3/envs/iotcls/lib/python3.11/site-packages/sklearn/linear_model/_logistic.py:1457: FutureWarning: 'n_jobs' has no effect since 1.8 and will be removed in 1.10. You provided 'n_jobs=1', please leave it unspecified.
  warnings.warn(msg, category=FutureWarning)
/home/lmy/anaconda3/envs/iotcls/lib/python3.11/site-packages/sklearn/linear_model/_logistic.py:1457: FutureWarning: 'n_jobs' has no effect since 1.8 and will be removed in 1.10. You provided 'n_jobs=1', please leave it unspecified.
  warnings.warn(msg, category=FutureWarning)
/home/lmy/anaconda3/envs/iotcls/lib/python3.11/site-packages/sklearn/linear_model/_logistic.py:1457: FutureWarning: 'n_jobs' has no effect since 1.8 and will be removed in 1.10. You provided 'n_jobs=1', please leave it unspecified.
  warnings.warn(msg, category=FutureWarning)
YutronPlug1|YutronPlug2                           0.5375    0.5312    0.6160    0.5449   0.5649
/home/lmy/anaconda3/envs/iotcls/lib/python3.11/site-packages/sklearn/linear_model/_logistic.py:1457: FutureWarning: 'n_jobs' has no effect since 1.8 and will be removed in 1.10. You provided 'n_jobs=1', please leave it unspecified.
  warnings.warn(msg, category=FutureWarning)
/home/lmy/anaconda3/envs/iotcls/lib/python3.11/site-packages/sklearn/linear_model/_logistic.py:1457: FutureWarning: 'n_jobs' has no effect since 1.8 and will be removed in 1.10. You provided 'n_jobs=1', please leave it unspecified.
  warnings.warn(msg, category=FutureWarning)
/home/lmy/anaconda3/envs/iotcls/lib/python3.11/site-packages/sklearn/linear_model/_logistic.py:1457: FutureWarning: 'n_jobs' has no effect since 1.8 and will be removed in 1.10. You provided 'n_jobs=1', please leave it unspecified.
  warnings.warn(msg, category=FutureWarning)
/home/lmy/anaconda3/envs/iotcls/lib/python3.11/site-packages/sklearn/linear_model/_logistic.py:1457: FutureWarning: 'n_jobs' has no effect since 1.8 and will be removed in 1.10. You provided 'n_jobs=1', please leave it unspecified.
  warnings.warn(msg, category=FutureWarning)
/home/lmy/anaconda3/envs/iotcls/lib/python3.11/site-packages/sklearn/linear_model/_logistic.py:1457: FutureWarning: 'n_jobs' has no effect since 1.8 and will be removed in 1.10. You provided 'n_jobs=1', please leave it unspecified.
  warnings.warn(msg, category=FutureWarning)
TeckinPlug1|TeckinPlug2                           0.8632    0.8974    0.9256    0.9337   0.9137
/home/lmy/anaconda3/envs/iotcls/lib/python3.11/site-packages/sklearn/linear_model/_logistic.py:1457: FutureWarning: 'n_jobs' has no effect since 1.8 and will be removed in 1.10. You provided 'n_jobs=1', please leave it unspecified.
  warnings.warn(msg, category=FutureWarning)
/home/lmy/anaconda3/envs/iotcls/lib/python3.11/site-packages/sklearn/linear_model/_logistic.py:1457: FutureWarning: 'n_jobs' has no effect since 1.8 and will be removed in 1.10. You provided 'n_jobs=1', please leave it unspecified.
  warnings.warn(msg, category=FutureWarning)
/home/lmy/anaconda3/envs/iotcls/lib/python3.11/site-packages/sklearn/linear_model/_logistic.py:1457: FutureWarning: 'n_jobs' has no effect since 1.8 and will be removed in 1.10. You provided 'n_jobs=1', please leave it unspecified.
  warnings.warn(msg, category=FutureWarning)
/home/lmy/anaconda3/envs/iotcls/lib/python3.11/site-packages/sklearn/linear_model/_logistic.py:1457: FutureWarning: 'n_jobs' has no effect since 1.8 and will be removed in 1.10. You provided 'n_jobs=1', please leave it unspecified.
  warnings.warn(msg, category=FutureWarning)
/home/lmy/anaconda3/envs/iotcls/lib/python3.11/site-packages/sklearn/linear_model/_logistic.py:1457: FutureWarning: 'n_jobs' has no effect since 1.8 and will be removed in 1.10. You provided 'n_jobs=1', please leave it unspecified.
  warnings.warn(msg, category=FutureWarning)
AMCRESTWiFiCamera|iRobotRoomba                    0.9665    0.9683    0.9701    0.9651   0.8099

时块 ≈0.5 而随机 ≈1.0  →  同域高分是捕获内时间轨迹泄漏，不是设备身份
