    解析出 0 个类对

====================================================================================================
UNSW 16-09-23 → 16-09-30（错误最多的 10 对）
  类对                                                 AUC     A源阈值      B中位     C EM      D上界     C-A
    解析出 0 个类对

====================================================================================================
UNSW 16-09-30 → 16-10-12（错误最多的 10 对）
  类对                                                 AUC     A源阈值      B中位     C EM      D上界     C-A
    解析出 0 个类对

====================================================================================================
UNSW 16-09-23 → 16-10-12（错误最多的 10 对）
  类对                                                 AUC     A源阈值      B中位     C EM      D上界     C-A

====================================================================================================
CIC 1102 Idle → Active（错误最多的 6 对）
  类对                                                 AUC     A源阈值      B中位     C EM      D上界     C-A
  GlobeLampESPB1680C|GosundESP039AAFSocket        0.1431   0.3805   0.2420   0.3705   0.5038 -0.0100
  GosundESP032979Plug|GosundESP10ACD8Plug         0.3416   0.5998   0.2240   0.5453   0.6017 -0.0544
  AmazonAlexaEchoDot1|AmazonAlexaEchoDot2         0.5510   0.5286   0.5242   0.5279   0.5512 -0.0006
  TeckinPlug1|YutronPlug2                         0.5962   0.5505   0.5549   0.5516   0.5616 +0.0011
  YutronPlug1|YutronPlug2                         0.7449   0.6718   0.6705   0.6681   0.6869 -0.0037
  GosundESP10ACD8Plug|GosundESP147FF9Plug         0.4219   0.5581   0.4149   0.5608   0.5747 +0.0026
  加权平均                                                     0.5472   0.4258   0.5353   0.5804 -0.0119

总耗时 5s
