
====================================================================================
16-09-23 → 16-09-30   14 类  61 列  macro-F1=0.7959  acc=0.8104  n=18260
/home/lmy/anaconda3/envs/iotcls/lib/python3.11/site-packages/sklearn/linear_model/_logistic.py:1457: FutureWarning: 'n_jobs' has no effect since 1.8 and will be removed in 1.10. You provided 'n_jobs=1', please leave it unspecified.
  warnings.warn(msg, category=FutureWarning)
/home/lmy/anaconda3/envs/iotcls/lib/python3.11/site-packages/sklearn/linear_model/_logistic.py:1457: FutureWarning: 'n_jobs' has no effect since 1.8 and will be removed in 1.10. You provided 'n_jobs=1', please leave it unspecified.
  warnings.warn(msg, category=FutureWarning)
/home/lmy/anaconda3/envs/iotcls/lib/python3.11/site-packages/sklearn/linear_model/_logistic.py:1457: FutureWarning: 'n_jobs' has no effect since 1.8 and will be removed in 1.10. You provided 'n_jobs=1', please leave it unspecified.
  warnings.warn(msg, category=FutureWarning)
/home/lmy/anaconda3/envs/iotcls/lib/python3.11/site-packages/sklearn/linear_model/_logistic.py:1457: FutureWarning: 'n_jobs' has no effect since 1.8 and will be removed in 1.10. You provided 'n_jobs=1', please leave it unspecified.
  warnings.warn(msg, category=FutureWarning)
/home/lmy/anaconda3/envs/iotcls/lib/python3.11/site-packages/sklearn/linear_model/_logistic.py:1457: FutureWarning: 'n_jobs' has no effect since 1.8 and will be removed in 1.10. You provided 'n_jobs=1', please leave it unspecified.
  warnings.warn(msg, category=FutureWarning)
/home/lmy/anaconda3/envs/iotcls/lib/python3.11/site-packages/sklearn/linear_model/_logistic.py:1457: FutureWarning: 'n_jobs' has no effect since 1.8 and will be removed in 1.10. You provided 'n_jobs=1', please leave it unspecified.
  warnings.warn(msg, category=FutureWarning)
/home/lmy/anaconda3/envs/iotcls/lib/python3.11/site-packages/sklearn/linear_model/_logistic.py:1457: FutureWarning: 'n_jobs' has no effect since 1.8 and will be removed in 1.10. You provided 'n_jobs=1', please leave it unspecified.
  warnings.warn(msg, category=FutureWarning)
/home/lmy/anaconda3/envs/iotcls/lib/python3.11/site-packages/sklearn/linear_model/_logistic.py:1457: FutureWarning: 'n_jobs' has no effect since 1.8 and will be removed in 1.10. You provided 'n_jobs=1', please leave it unspecified.
  warnings.warn(msg, category=FutureWarning)
/home/lmy/anaconda3/envs/iotcls/lib/python3.11/site-packages/sklearn/linear_model/_logistic.py:1457: FutureWarning: 'n_jobs' has no effect since 1.8 and will be removed in 1.10. You provided 'n_jobs=1', please leave it unspecified.
  warnings.warn(msg, category=FutureWarning)
/home/lmy/anaconda3/envs/iotcls/lib/python3.11/site-packages/sklearn/linear_model/_logistic.py:1457: FutureWarning: 'n_jobs' has no effect since 1.8 and will be removed in 1.10. You provided 'n_jobs=1', please leave it unspecified.
  warnings.warn(msg, category=FutureWarning)
/home/lmy/anaconda3/envs/iotcls/lib/python3.11/site-packages/sklearn/linear_model/_logistic.py:1457: FutureWarning: 'n_jobs' has no effect since 1.8 and will be removed in 1.10. You provided 'n_jobs=1', please leave it unspecified.
  warnings.warn(msg, category=FutureWarning)
/home/lmy/anaconda3/envs/iotcls/lib/python3.11/site-packages/sklearn/linear_model/_logistic.py:1457: FutureWarning: 'n_jobs' has no effect since 1.8 and will be removed in 1.10. You provided 'n_jobs=1', please leave it unspecified.
  warnings.warn(msg, category=FutureWarning)
/home/lmy/anaconda3/envs/iotcls/lib/python3.11/site-packages/sklearn/linear_model/_logistic.py:1457: FutureWarning: 'n_jobs' has no effect since 1.8 and will be removed in 1.10. You provided 'n_jobs=1', please leave it unspecified.
  warnings.warn(msg, category=FutureWarning)
/home/lmy/anaconda3/envs/iotcls/lib/python3.11/site-packages/sklearn/linear_model/_logistic.py:1457: FutureWarning: 'n_jobs' has no effect since 1.8 and will be removed in 1.10. You provided 'n_jobs=1', please leave it unspecified.
  warnings.warn(msg, category=FutureWarning)
/home/lmy/anaconda3/envs/iotcls/lib/python3.11/site-packages/sklearn/linear_model/_logistic.py:1457: FutureWarning: 'n_jobs' has no effect since 1.8 and will be removed in 1.10. You provided 'n_jobs=1', please leave it unspecified.
  warnings.warn(msg, category=FutureWarning)
/home/lmy/anaconda3/envs/iotcls/lib/python3.11/site-packages/sklearn/linear_model/_logistic.py:1457: FutureWarning: 'n_jobs' has no effect since 1.8 and will be removed in 1.10. You provided 'n_jobs=1', please leave it unspecified.
  warnings.warn(msg, category=FutureWarning)
/home/lmy/anaconda3/envs/iotcls/lib/python3.11/site-packages/sklearn/linear_model/_logistic.py:1457: FutureWarning: 'n_jobs' has no effect since 1.8 and will be removed in 1.10. You provided 'n_jobs=1', please leave it unspecified.
  warnings.warn(msg, category=FutureWarning)
/home/lmy/anaconda3/envs/iotcls/lib/python3.11/site-packages/sklearn/linear_model/_logistic.py:1457: FutureWarning: 'n_jobs' has no effect since 1.8 and will be removed in 1.10. You provided 'n_jobs=1', please leave it unspecified.
  warnings.warn(msg, category=FutureWarning)
/home/lmy/anaconda3/envs/iotcls/lib/python3.11/site-packages/sklearn/linear_model/_logistic.py:1457: FutureWarning: 'n_jobs' has no effect since 1.8 and will be removed in 1.10. You provided 'n_jobs=1', please leave it unspecified.
  warnings.warn(msg, category=FutureWarning)
/home/lmy/anaconda3/envs/iotcls/lib/python3.11/site-packages/sklearn/linear_model/_logistic.py:1457: FutureWarning: 'n_jobs' has no effect since 1.8 and will be removed in 1.10. You provided 'n_jobs=1', please leave it unspecified.
  warnings.warn(msg, category=FutureWarning)
/home/lmy/anaconda3/envs/iotcls/lib/python3.11/site-packages/sklearn/linear_model/_logistic.py:1457: FutureWarning: 'n_jobs' has no effect since 1.8 and will be removed in 1.10. You provided 'n_jobs=1', please leave it unspecified.
  warnings.warn(msg, category=FutureWarning)
/home/lmy/anaconda3/envs/iotcls/lib/python3.11/site-packages/sklearn/linear_model/_logistic.py:1457: FutureWarning: 'n_jobs' has no effect since 1.8 and will be removed in 1.10. You provided 'n_jobs=1', please leave it unspecified.
  warnings.warn(msg, category=FutureWarning)
/home/lmy/anaconda3/envs/iotcls/lib/python3.11/site-packages/sklearn/linear_model/_logistic.py:1457: FutureWarning: 'n_jobs' has no effect since 1.8 and will be removed in 1.10. You provided 'n_jobs=1', please leave it unspecified.
  warnings.warn(msg, category=FutureWarning)
/home/lmy/anaconda3/envs/iotcls/lib/python3.11/site-packages/sklearn/linear_model/_logistic.py:1457: FutureWarning: 'n_jobs' has no effect since 1.8 and will be removed in 1.10. You provided 'n_jobs=1', please leave it unspecified.
  warnings.warn(msg, category=FutureWarning)
/home/lmy/anaconda3/envs/iotcls/lib/python3.11/site-packages/sklearn/linear_model/_logistic.py:1457: FutureWarning: 'n_jobs' has no effect since 1.8 and will be removed in 1.10. You provided 'n_jobs=1', please leave it unspecified.
  warnings.warn(msg, category=FutureWarning)
/home/lmy/anaconda3/envs/iotcls/lib/python3.11/site-packages/sklearn/linear_model/_logistic.py:1457: FutureWarning: 'n_jobs' has no effect since 1.8 and will be removed in 1.10. You provided 'n_jobs=1', please leave it unspecified.
  warnings.warn(msg, category=FutureWarning)
/home/lmy/anaconda3/envs/iotcls/lib/python3.11/site-packages/sklearn/linear_model/_logistic.py:1457: FutureWarning: 'n_jobs' has no effect since 1.8 and will be removed in 1.10. You provided 'n_jobs=1', please leave it unspecified.
  warnings.warn(msg, category=FutureWarning)
/home/lmy/anaconda3/envs/iotcls/lib/python3.11/site-packages/sklearn/linear_model/_logistic.py:1457: FutureWarning: 'n_jobs' has no effect since 1.8 and will be removed in 1.10. You provided 'n_jobs=1', please leave it unspecified.
  warnings.warn(msg, category=FutureWarning)
/home/lmy/anaconda3/envs/iotcls/lib/python3.11/site-packages/sklearn/linear_model/_logistic.py:1457: FutureWarning: 'n_jobs' has no effect since 1.8 and will be removed in 1.10. You provided 'n_jobs=1', please leave it unspecified.
  warnings.warn(msg, category=FutureWarning)
/home/lmy/anaconda3/envs/iotcls/lib/python3.11/site-packages/sklearn/linear_model/_logistic.py:1457: FutureWarning: 'n_jobs' has no effect since 1.8 and will be removed in 1.10. You provided 'n_jobs=1', please leave it unspecified.
  warnings.warn(msg, category=FutureWarning)
/home/lmy/anaconda3/envs/iotcls/lib/python3.11/site-packages/sklearn/linear_model/_logistic.py:1457: FutureWarning: 'n_jobs' has no effect since 1.8 and will be removed in 1.10. You provided 'n_jobs=1', please leave it unspecified.
  warnings.warn(msg, category=FutureWarning)
/home/lmy/anaconda3/envs/iotcls/lib/python3.11/site-packages/sklearn/linear_model/_logistic.py:1457: FutureWarning: 'n_jobs' has no effect since 1.8 and will be removed in 1.10. You provided 'n_jobs=1', please leave it unspecified.
  warnings.warn(msg, category=FutureWarning)
/home/lmy/anaconda3/envs/iotcls/lib/python3.11/site-packages/sklearn/linear_model/_logistic.py:1457: FutureWarning: 'n_jobs' has no effect since 1.8 and will be removed in 1.10. You provided 'n_jobs=1', please leave it unspecified.
  warnings.warn(msg, category=FutureWarning)
/home/lmy/anaconda3/envs/iotcls/lib/python3.11/site-packages/sklearn/linear_model/_logistic.py:1457: FutureWarning: 'n_jobs' has no effect since 1.8 and will be removed in 1.10. You provided 'n_jobs=1', please leave it unspecified.
  warnings.warn(msg, category=FutureWarning)
/home/lmy/anaconda3/envs/iotcls/lib/python3.11/site-packages/sklearn/linear_model/_logistic.py:1457: FutureWarning: 'n_jobs' has no effect since 1.8 and will be removed in 1.10. You provided 'n_jobs=1', please leave it unspecified.
  warnings.warn(msg, category=FutureWarning)
/home/lmy/anaconda3/envs/iotcls/lib/python3.11/site-packages/sklearn/linear_model/_logistic.py:1457: FutureWarning: 'n_jobs' has no effect since 1.8 and will be removed in 1.10. You provided 'n_jobs=1', please leave it unspecified.
  warnings.warn(msg, category=FutureWarning)
/home/lmy/anaconda3/envs/iotcls/lib/python3.11/site-packages/sklearn/linear_model/_logistic.py:1457: FutureWarning: 'n_jobs' has no effect since 1.8 and will be removed in 1.10. You provided 'n_jobs=1', please leave it unspecified.
  warnings.warn(msg, category=FutureWarning)
/home/lmy/anaconda3/envs/iotcls/lib/python3.11/site-packages/sklearn/linear_model/_logistic.py:1457: FutureWarning: 'n_jobs' has no effect since 1.8 and will be removed in 1.10. You provided 'n_jobs=1', please leave it unspecified.
  warnings.warn(msg, category=FutureWarning)
/home/lmy/anaconda3/envs/iotcls/lib/python3.11/site-packages/sklearn/linear_model/_logistic.py:1457: FutureWarning: 'n_jobs' has no effect since 1.8 and will be removed in 1.10. You provided 'n_jobs=1', please leave it unspecified.
  warnings.warn(msg, category=FutureWarning)
/home/lmy/anaconda3/envs/iotcls/lib/python3.11/site-packages/sklearn/linear_model/_logistic.py:1457: FutureWarning: 'n_jobs' has no effect since 1.8 and will be removed in 1.10. You provided 'n_jobs=1', please leave it unspecified.
  warnings.warn(msg, category=FutureWarning)
/home/lmy/anaconda3/envs/iotcls/lib/python3.11/site-packages/sklearn/linear_model/_logistic.py:1457: FutureWarning: 'n_jobs' has no effect since 1.8 and will be removed in 1.10. You provided 'n_jobs=1', please leave it unspecified.
  warnings.warn(msg, category=FutureWarning)
/home/lmy/anaconda3/envs/iotcls/lib/python3.11/site-packages/sklearn/linear_model/_logistic.py:1457: FutureWarning: 'n_jobs' has no effect since 1.8 and will be removed in 1.10. You provided 'n_jobs=1', please leave it unspecified.
  warnings.warn(msg, category=FutureWarning)
/home/lmy/anaconda3/envs/iotcls/lib/python3.11/site-packages/sklearn/linear_model/_logistic.py:1457: FutureWarning: 'n_jobs' has no effect since 1.8 and will be removed in 1.10. You provided 'n_jobs=1', please leave it unspecified.
  warnings.warn(msg, category=FutureWarning)
/home/lmy/anaconda3/envs/iotcls/lib/python3.11/site-packages/sklearn/linear_model/_logistic.py:1457: FutureWarning: 'n_jobs' has no effect since 1.8 and will be removed in 1.10. You provided 'n_jobs=1', please leave it unspecified.
  warnings.warn(msg, category=FutureWarning)
/home/lmy/anaconda3/envs/iotcls/lib/python3.11/site-packages/sklearn/linear_model/_logistic.py:1457: FutureWarning: 'n_jobs' has no effect since 1.8 and will be removed in 1.10. You provided 'n_jobs=1', please leave it unspecified.
  warnings.warn(msg, category=FutureWarning)
/home/lmy/anaconda3/envs/iotcls/lib/python3.11/site-packages/sklearn/linear_model/_logistic.py:1457: FutureWarning: 'n_jobs' has no effect since 1.8 and will be removed in 1.10. You provided 'n_jobs=1', please leave it unspecified.
  warnings.warn(msg, category=FutureWarning)
/home/lmy/anaconda3/envs/iotcls/lib/python3.11/site-packages/sklearn/linear_model/_logistic.py:1457: FutureWarning: 'n_jobs' has no effect since 1.8 and will be removed in 1.10. You provided 'n_jobs=1', please leave it unspecified.
  warnings.warn(msg, category=FutureWarning)
/home/lmy/anaconda3/envs/iotcls/lib/python3.11/site-packages/sklearn/linear_model/_logistic.py:1457: FutureWarning: 'n_jobs' has no effect since 1.8 and will be removed in 1.10. You provided 'n_jobs=1', please leave it unspecified.
  warnings.warn(msg, category=FutureWarning)
/home/lmy/anaconda3/envs/iotcls/lib/python3.11/site-packages/sklearn/linear_model/_logistic.py:1457: FutureWarning: 'n_jobs' has no effect since 1.8 and will be removed in 1.10. You provided 'n_jobs=1', please leave it unspecified.
  warnings.warn(msg, category=FutureWarning)
/home/lmy/anaconda3/envs/iotcls/lib/python3.11/site-packages/sklearn/linear_model/_logistic.py:1457: FutureWarning: 'n_jobs' has no effect since 1.8 and will be removed in 1.10. You provided 'n_jobs=1', please leave it unspecified.
  warnings.warn(msg, category=FutureWarning)
/home/lmy/anaconda3/envs/iotcls/lib/python3.11/site-packages/sklearn/linear_model/_logistic.py:1457: FutureWarning: 'n_jobs' has no effect since 1.8 and will be removed in 1.10. You provided 'n_jobs=1', please leave it unspecified.
  warnings.warn(msg, category=FutureWarning)
/home/lmy/anaconda3/envs/iotcls/lib/python3.11/site-packages/sklearn/linear_model/_logistic.py:1457: FutureWarning: 'n_jobs' has no effect since 1.8 and will be removed in 1.10. You provided 'n_jobs=1', please leave it unspecified.
  warnings.warn(msg, category=FutureWarning)
/home/lmy/anaconda3/envs/iotcls/lib/python3.11/site-packages/sklearn/linear_model/_logistic.py:1457: FutureWarning: 'n_jobs' has no effect since 1.8 and will be removed in 1.10. You provided 'n_jobs=1', please leave it unspecified.
  warnings.warn(msg, category=FutureWarning)
/home/lmy/anaconda3/envs/iotcls/lib/python3.11/site-packages/sklearn/linear_model/_logistic.py:1457: FutureWarning: 'n_jobs' has no effect since 1.8 and will be removed in 1.10. You provided 'n_jobs=1', please leave it unspecified.
  warnings.warn(msg, category=FutureWarning)
/home/lmy/anaconda3/envs/iotcls/lib/python3.11/site-packages/sklearn/linear_model/_logistic.py:1457: FutureWarning: 'n_jobs' has no effect since 1.8 and will be removed in 1.10. You provided 'n_jobs=1', please leave it unspecified.
  warnings.warn(msg, category=FutureWarning)
/home/lmy/anaconda3/envs/iotcls/lib/python3.11/site-packages/sklearn/linear_model/_logistic.py:1457: FutureWarning: 'n_jobs' has no effect since 1.8 and will be removed in 1.10. You provided 'n_jobs=1', please leave it unspecified.
  warnings.warn(msg, category=FutureWarning)
/home/lmy/anaconda3/envs/iotcls/lib/python3.11/site-packages/sklearn/linear_model/_logistic.py:1457: FutureWarning: 'n_jobs' has no effect since 1.8 and will be removed in 1.10. You provided 'n_jobs=1', please leave it unspecified.
  warnings.warn(msg, category=FutureWarning)
/home/lmy/anaconda3/envs/iotcls/lib/python3.11/site-packages/sklearn/linear_model/_logistic.py:1457: FutureWarning: 'n_jobs' has no effect since 1.8 and will be removed in 1.10. You provided 'n_jobs=1', please leave it unspecified.
  warnings.warn(msg, category=FutureWarning)
/home/lmy/anaconda3/envs/iotcls/lib/python3.11/site-packages/sklearn/linear_model/_logistic.py:1457: FutureWarning: 'n_jobs' has no effect since 1.8 and will be removed in 1.10. You provided 'n_jobs=1', please leave it unspecified.
  warnings.warn(msg, category=FutureWarning)
/home/lmy/anaconda3/envs/iotcls/lib/python3.11/site-packages/sklearn/linear_model/_logistic.py:1457: FutureWarning: 'n_jobs' has no effect since 1.8 and will be removed in 1.10. You provided 'n_jobs=1', please leave it unspecified.
  warnings.warn(msg, category=FutureWarning)
/home/lmy/anaconda3/envs/iotcls/lib/python3.11/site-packages/sklearn/linear_model/_logistic.py:1457: FutureWarning: 'n_jobs' has no effect since 1.8 and will be removed in 1.10. You provided 'n_jobs=1', please leave it unspecified.
  warnings.warn(msg, category=FutureWarning)
/home/lmy/anaconda3/envs/iotcls/lib/python3.11/site-packages/sklearn/linear_model/_logistic.py:1457: FutureWarning: 'n_jobs' has no effect since 1.8 and will be removed in 1.10. You provided 'n_jobs=1', please leave it unspecified.
  warnings.warn(msg, category=FutureWarning)
/home/lmy/anaconda3/envs/iotcls/lib/python3.11/site-packages/sklearn/linear_model/_logistic.py:1457: FutureWarning: 'n_jobs' has no effect since 1.8 and will be removed in 1.10. You provided 'n_jobs=1', please leave it unspecified.
  warnings.warn(msg, category=FutureWarning)
/home/lmy/anaconda3/envs/iotcls/lib/python3.11/site-packages/sklearn/linear_model/_logistic.py:1457: FutureWarning: 'n_jobs' has no effect since 1.8 and will be removed in 1.10. You provided 'n_jobs=1', please leave it unspecified.
  warnings.warn(msg, category=FutureWarning)
/home/lmy/anaconda3/envs/iotcls/lib/python3.11/site-packages/sklearn/linear_model/_logistic.py:1457: FutureWarning: 'n_jobs' has no effect since 1.8 and will be removed in 1.10. You provided 'n_jobs=1', please leave it unspecified.
  warnings.warn(msg, category=FutureWarning)
/home/lmy/anaconda3/envs/iotcls/lib/python3.11/site-packages/sklearn/linear_model/_logistic.py:1457: FutureWarning: 'n_jobs' has no effect since 1.8 and will be removed in 1.10. You provided 'n_jobs=1', please leave it unspecified.
  warnings.warn(msg, category=FutureWarning)
/home/lmy/anaconda3/envs/iotcls/lib/python3.11/site-packages/sklearn/linear_model/_logistic.py:1457: FutureWarning: 'n_jobs' has no effect since 1.8 and will be removed in 1.10. You provided 'n_jobs=1', please leave it unspecified.
  warnings.warn(msg, category=FutureWarning)
/home/lmy/anaconda3/envs/iotcls/lib/python3.11/site-packages/sklearn/linear_model/_logistic.py:1457: FutureWarning: 'n_jobs' has no effect since 1.8 and will be removed in 1.10. You provided 'n_jobs=1', please leave it unspecified.
  warnings.warn(msg, category=FutureWarning)
/home/lmy/anaconda3/envs/iotcls/lib/python3.11/site-packages/sklearn/linear_model/_logistic.py:1457: FutureWarning: 'n_jobs' has no effect since 1.8 and will be removed in 1.10. You provided 'n_jobs=1', please leave it unspecified.
  warnings.warn(msg, category=FutureWarning)
/home/lmy/anaconda3/envs/iotcls/lib/python3.11/site-packages/sklearn/linear_model/_logistic.py:1457: FutureWarning: 'n_jobs' has no effect since 1.8 and will be removed in 1.10. You provided 'n_jobs=1', please leave it unspecified.
  warnings.warn(msg, category=FutureWarning)
/home/lmy/anaconda3/envs/iotcls/lib/python3.11/site-packages/sklearn/linear_model/_logistic.py:1457: FutureWarning: 'n_jobs' has no effect since 1.8 and will be removed in 1.10. You provided 'n_jobs=1', please leave it unspecified.
  warnings.warn(msg, category=FutureWarning)
/home/lmy/anaconda3/envs/iotcls/lib/python3.11/site-packages/sklearn/linear_model/_logistic.py:1457: FutureWarning: 'n_jobs' has no effect since 1.8 and will be removed in 1.10. You provided 'n_jobs=1', please leave it unspecified.
  warnings.warn(msg, category=FutureWarning)
/home/lmy/anaconda3/envs/iotcls/lib/python3.11/site-packages/sklearn/linear_model/_logistic.py:1457: FutureWarning: 'n_jobs' has no effect since 1.8 and will be removed in 1.10. You provided 'n_jobs=1', please leave it unspecified.
  warnings.warn(msg, category=FutureWarning)
/home/lmy/anaconda3/envs/iotcls/lib/python3.11/site-packages/sklearn/linear_model/_logistic.py:1457: FutureWarning: 'n_jobs' has no effect since 1.8 and will be removed in 1.10. You provided 'n_jobs=1', please leave it unspecified.
  warnings.warn(msg, category=FutureWarning)
/home/lmy/anaconda3/envs/iotcls/lib/python3.11/site-packages/sklearn/linear_model/_logistic.py:1457: FutureWarning: 'n_jobs' has no effect since 1.8 and will be removed in 1.10. You provided 'n_jobs=1', please leave it unspecified.
  warnings.warn(msg, category=FutureWarning)
/home/lmy/anaconda3/envs/iotcls/lib/python3.11/site-packages/sklearn/linear_model/_logistic.py:1457: FutureWarning: 'n_jobs' has no effect since 1.8 and will be removed in 1.10. You provided 'n_jobs=1', please leave it unspecified.
  warnings.warn(msg, category=FutureWarning)
/home/lmy/anaconda3/envs/iotcls/lib/python3.11/site-packages/sklearn/linear_model/_logistic.py:1457: FutureWarning: 'n_jobs' has no effect since 1.8 and will be removed in 1.10. You provided 'n_jobs=1', please leave it unspecified.
  warnings.warn(msg, category=FutureWarning)
/home/lmy/anaconda3/envs/iotcls/lib/python3.11/site-packages/sklearn/linear_model/_logistic.py:1457: FutureWarning: 'n_jobs' has no effect since 1.8 and will be removed in 1.10. You provided 'n_jobs=1', please leave it unspecified.
  warnings.warn(msg, category=FutureWarning)
/home/lmy/anaconda3/envs/iotcls/lib/python3.11/site-packages/sklearn/linear_model/_logistic.py:1457: FutureWarning: 'n_jobs' has no effect since 1.8 and will be removed in 1.10. You provided 'n_jobs=1', please leave it unspecified.
  warnings.warn(msg, category=FutureWarning)
/home/lmy/anaconda3/envs/iotcls/lib/python3.11/site-packages/sklearn/linear_model/_logistic.py:1457: FutureWarning: 'n_jobs' has no effect since 1.8 and will be removed in 1.10. You provided 'n_jobs=1', please leave it unspecified.
  warnings.warn(msg, category=FutureWarning)
/home/lmy/anaconda3/envs/iotcls/lib/python3.11/site-packages/sklearn/linear_model/_logistic.py:1457: FutureWarning: 'n_jobs' has no effect since 1.8 and will be removed in 1.10. You provided 'n_jobs=1', please leave it unspecified.
  warnings.warn(msg, category=FutureWarning)
/home/lmy/anaconda3/envs/iotcls/lib/python3.11/site-packages/sklearn/linear_model/_logistic.py:1457: FutureWarning: 'n_jobs' has no effect since 1.8 and will be removed in 1.10. You provided 'n_jobs=1', please leave it unspecified.
  warnings.warn(msg, category=FutureWarning)
/home/lmy/anaconda3/envs/iotcls/lib/python3.11/site-packages/sklearn/linear_model/_logistic.py:1457: FutureWarning: 'n_jobs' has no effect since 1.8 and will be removed in 1.10. You provided 'n_jobs=1', please leave it unspecified.
  warnings.warn(msg, category=FutureWarning)
/home/lmy/anaconda3/envs/iotcls/lib/python3.11/site-packages/sklearn/linear_model/_logistic.py:1457: FutureWarning: 'n_jobs' has no effect since 1.8 and will be removed in 1.10. You provided 'n_jobs=1', please leave it unspecified.
  warnings.warn(msg, category=FutureWarning)
/home/lmy/anaconda3/envs/iotcls/lib/python3.11/site-packages/sklearn/linear_model/_logistic.py:1457: FutureWarning: 'n_jobs' has no effect since 1.8 and will be removed in 1.10. You provided 'n_jobs=1', please leave it unspecified.
  warnings.warn(msg, category=FutureWarning)
/home/lmy/anaconda3/envs/iotcls/lib/python3.11/site-packages/sklearn/linear_model/_logistic.py:1457: FutureWarning: 'n_jobs' has no effect since 1.8 and will be removed in 1.10. You provided 'n_jobs=1', please leave it unspecified.
  warnings.warn(msg, category=FutureWarning)
/home/lmy/anaconda3/envs/iotcls/lib/python3.11/site-packages/sklearn/linear_model/_logistic.py:1457: FutureWarning: 'n_jobs' has no effect since 1.8 and will be removed in 1.10. You provided 'n_jobs=1', please leave it unspecified.
  warnings.warn(msg, category=FutureWarning)
/home/lmy/anaconda3/envs/iotcls/lib/python3.11/site-packages/sklearn/linear_model/_logistic.py:1457: FutureWarning: 'n_jobs' has no effect since 1.8 and will be removed in 1.10. You provided 'n_jobs=1', please leave it unspecified.
  warnings.warn(msg, category=FutureWarning)
/home/lmy/anaconda3/envs/iotcls/lib/python3.11/site-packages/sklearn/linear_model/_logistic.py:1457: FutureWarning: 'n_jobs' has no effect since 1.8 and will be removed in 1.10. You provided 'n_jobs=1', please leave it unspecified.
  warnings.warn(msg, category=FutureWarning)
/home/lmy/anaconda3/envs/iotcls/lib/python3.11/site-packages/sklearn/linear_model/_logistic.py:1457: FutureWarning: 'n_jobs' has no effect since 1.8 and will be removed in 1.10. You provided 'n_jobs=1', please leave it unspecified.
  warnings.warn(msg, category=FutureWarning)
/home/lmy/anaconda3/envs/iotcls/lib/python3.11/site-packages/sklearn/linear_model/_logistic.py:1457: FutureWarning: 'n_jobs' has no effect since 1.8 and will be removed in 1.10. You provided 'n_jobs=1', please leave it unspecified.
  warnings.warn(msg, category=FutureWarning)
总错误 3462（19.0%）  可测类对 91  反转对(<0.5) 1
错误集中度：top5 62.8%  top10 73.5%  top20 85.4%
  跨域 AUC>=0.95： 59 对，承载  23.6% 的错误
  跨域 AUC<0.70 ：  2 对，承载  43.1% 的错误
  Spearman ρ(错误数, 跨域AUC) = -0.6243
                                    err  cross_auc  占总错误
BelkinWemoMotion|BelkinWemoSwitch  1334     0.6765  38.5
PIX-STAR|TribySpeaker               313     0.7808   9.0
TribySpeaker|WithingsBabyMonitor    262     0.8836   7.6
NetatmoWelcome|TribySpeaker         157     0.4431   4.5
BelkinWemoSwitch|HPPrinter          108     0.9667   3.1
BelkinWemoMotion|HPPrinter           90     0.9551   2.6
HPPrinter|TribySpeaker               86     0.9124   2.5
NetatmoWeather|NetatmoWelcome        83     0.9612   2.4
BelkinWemoMotion|NetatmoWelcome      55     0.9613   1.6
NetatmoWelcome|TPLinkCam             55     0.9501   1.6

====================================================================================
16-09-30 → 16-10-12   13 类  61 列  macro-F1=0.8699  acc=0.8682  n=19016
/home/lmy/anaconda3/envs/iotcls/lib/python3.11/site-packages/sklearn/linear_model/_logistic.py:1457: FutureWarning: 'n_jobs' has no effect since 1.8 and will be removed in 1.10. You provided 'n_jobs=1', please leave it unspecified.
  warnings.warn(msg, category=FutureWarning)
/home/lmy/anaconda3/envs/iotcls/lib/python3.11/site-packages/sklearn/linear_model/_logistic.py:1457: FutureWarning: 'n_jobs' has no effect since 1.8 and will be removed in 1.10. You provided 'n_jobs=1', please leave it unspecified.
  warnings.warn(msg, category=FutureWarning)
/home/lmy/anaconda3/envs/iotcls/lib/python3.11/site-packages/sklearn/linear_model/_logistic.py:1457: FutureWarning: 'n_jobs' has no effect since 1.8 and will be removed in 1.10. You provided 'n_jobs=1', please leave it unspecified.
  warnings.warn(msg, category=FutureWarning)
/home/lmy/anaconda3/envs/iotcls/lib/python3.11/site-packages/sklearn/linear_model/_logistic.py:1457: FutureWarning: 'n_jobs' has no effect since 1.8 and will be removed in 1.10. You provided 'n_jobs=1', please leave it unspecified.
  warnings.warn(msg, category=FutureWarning)
/home/lmy/anaconda3/envs/iotcls/lib/python3.11/site-packages/sklearn/linear_model/_logistic.py:1457: FutureWarning: 'n_jobs' has no effect since 1.8 and will be removed in 1.10. You provided 'n_jobs=1', please leave it unspecified.
  warnings.warn(msg, category=FutureWarning)
/home/lmy/anaconda3/envs/iotcls/lib/python3.11/site-packages/sklearn/linear_model/_logistic.py:1457: FutureWarning: 'n_jobs' has no effect since 1.8 and will be removed in 1.10. You provided 'n_jobs=1', please leave it unspecified.
  warnings.warn(msg, category=FutureWarning)
/home/lmy/anaconda3/envs/iotcls/lib/python3.11/site-packages/sklearn/linear_model/_logistic.py:1457: FutureWarning: 'n_jobs' has no effect since 1.8 and will be removed in 1.10. You provided 'n_jobs=1', please leave it unspecified.
  warnings.warn(msg, category=FutureWarning)
/home/lmy/anaconda3/envs/iotcls/lib/python3.11/site-packages/sklearn/linear_model/_logistic.py:1457: FutureWarning: 'n_jobs' has no effect since 1.8 and will be removed in 1.10. You provided 'n_jobs=1', please leave it unspecified.
  warnings.warn(msg, category=FutureWarning)
/home/lmy/anaconda3/envs/iotcls/lib/python3.11/site-packages/sklearn/linear_model/_logistic.py:1457: FutureWarning: 'n_jobs' has no effect since 1.8 and will be removed in 1.10. You provided 'n_jobs=1', please leave it unspecified.
  warnings.warn(msg, category=FutureWarning)
/home/lmy/anaconda3/envs/iotcls/lib/python3.11/site-packages/sklearn/linear_model/_logistic.py:1457: FutureWarning: 'n_jobs' has no effect since 1.8 and will be removed in 1.10. You provided 'n_jobs=1', please leave it unspecified.
  warnings.warn(msg, category=FutureWarning)
/home/lmy/anaconda3/envs/iotcls/lib/python3.11/site-packages/sklearn/linear_model/_logistic.py:1457: FutureWarning: 'n_jobs' has no effect since 1.8 and will be removed in 1.10. You provided 'n_jobs=1', please leave it unspecified.
  warnings.warn(msg, category=FutureWarning)
/home/lmy/anaconda3/envs/iotcls/lib/python3.11/site-packages/sklearn/linear_model/_logistic.py:1457: FutureWarning: 'n_jobs' has no effect since 1.8 and will be removed in 1.10. You provided 'n_jobs=1', please leave it unspecified.
  warnings.warn(msg, category=FutureWarning)
/home/lmy/anaconda3/envs/iotcls/lib/python3.11/site-packages/sklearn/linear_model/_logistic.py:1457: FutureWarning: 'n_jobs' has no effect since 1.8 and will be removed in 1.10. You provided 'n_jobs=1', please leave it unspecified.
  warnings.warn(msg, category=FutureWarning)
/home/lmy/anaconda3/envs/iotcls/lib/python3.11/site-packages/sklearn/linear_model/_logistic.py:1457: FutureWarning: 'n_jobs' has no effect since 1.8 and will be removed in 1.10. You provided 'n_jobs=1', please leave it unspecified.
  warnings.warn(msg, category=FutureWarning)
/home/lmy/anaconda3/envs/iotcls/lib/python3.11/site-packages/sklearn/linear_model/_logistic.py:1457: FutureWarning: 'n_jobs' has no effect since 1.8 and will be removed in 1.10. You provided 'n_jobs=1', please leave it unspecified.
  warnings.warn(msg, category=FutureWarning)
/home/lmy/anaconda3/envs/iotcls/lib/python3.11/site-packages/sklearn/linear_model/_logistic.py:1457: FutureWarning: 'n_jobs' has no effect since 1.8 and will be removed in 1.10. You provided 'n_jobs=1', please leave it unspecified.
  warnings.warn(msg, category=FutureWarning)
/home/lmy/anaconda3/envs/iotcls/lib/python3.11/site-packages/sklearn/linear_model/_logistic.py:1457: FutureWarning: 'n_jobs' has no effect since 1.8 and will be removed in 1.10. You provided 'n_jobs=1', please leave it unspecified.
  warnings.warn(msg, category=FutureWarning)
/home/lmy/anaconda3/envs/iotcls/lib/python3.11/site-packages/sklearn/linear_model/_logistic.py:1457: FutureWarning: 'n_jobs' has no effect since 1.8 and will be removed in 1.10. You provided 'n_jobs=1', please leave it unspecified.
  warnings.warn(msg, category=FutureWarning)
/home/lmy/anaconda3/envs/iotcls/lib/python3.11/site-packages/sklearn/linear_model/_logistic.py:1457: FutureWarning: 'n_jobs' has no effect since 1.8 and will be removed in 1.10. You provided 'n_jobs=1', please leave it unspecified.
  warnings.warn(msg, category=FutureWarning)
/home/lmy/anaconda3/envs/iotcls/lib/python3.11/site-packages/sklearn/linear_model/_logistic.py:1457: FutureWarning: 'n_jobs' has no effect since 1.8 and will be removed in 1.10. You provided 'n_jobs=1', please leave it unspecified.
  warnings.warn(msg, category=FutureWarning)
/home/lmy/anaconda3/envs/iotcls/lib/python3.11/site-packages/sklearn/linear_model/_logistic.py:1457: FutureWarning: 'n_jobs' has no effect since 1.8 and will be removed in 1.10. You provided 'n_jobs=1', please leave it unspecified.
  warnings.warn(msg, category=FutureWarning)
/home/lmy/anaconda3/envs/iotcls/lib/python3.11/site-packages/sklearn/linear_model/_logistic.py:1457: FutureWarning: 'n_jobs' has no effect since 1.8 and will be removed in 1.10. You provided 'n_jobs=1', please leave it unspecified.
  warnings.warn(msg, category=FutureWarning)
/home/lmy/anaconda3/envs/iotcls/lib/python3.11/site-packages/sklearn/linear_model/_logistic.py:1457: FutureWarning: 'n_jobs' has no effect since 1.8 and will be removed in 1.10. You provided 'n_jobs=1', please leave it unspecified.
  warnings.warn(msg, category=FutureWarning)
/home/lmy/anaconda3/envs/iotcls/lib/python3.11/site-packages/sklearn/linear_model/_logistic.py:1457: FutureWarning: 'n_jobs' has no effect since 1.8 and will be removed in 1.10. You provided 'n_jobs=1', please leave it unspecified.
  warnings.warn(msg, category=FutureWarning)
/home/lmy/anaconda3/envs/iotcls/lib/python3.11/site-packages/sklearn/linear_model/_logistic.py:1457: FutureWarning: 'n_jobs' has no effect since 1.8 and will be removed in 1.10. You provided 'n_jobs=1', please leave it unspecified.
  warnings.warn(msg, category=FutureWarning)
/home/lmy/anaconda3/envs/iotcls/lib/python3.11/site-packages/sklearn/linear_model/_logistic.py:1457: FutureWarning: 'n_jobs' has no effect since 1.8 and will be removed in 1.10. You provided 'n_jobs=1', please leave it unspecified.
  warnings.warn(msg, category=FutureWarning)
/home/lmy/anaconda3/envs/iotcls/lib/python3.11/site-packages/sklearn/linear_model/_logistic.py:1457: FutureWarning: 'n_jobs' has no effect since 1.8 and will be removed in 1.10. You provided 'n_jobs=1', please leave it unspecified.
  warnings.warn(msg, category=FutureWarning)
/home/lmy/anaconda3/envs/iotcls/lib/python3.11/site-packages/sklearn/linear_model/_logistic.py:1457: FutureWarning: 'n_jobs' has no effect since 1.8 and will be removed in 1.10. You provided 'n_jobs=1', please leave it unspecified.
  warnings.warn(msg, category=FutureWarning)
/home/lmy/anaconda3/envs/iotcls/lib/python3.11/site-packages/sklearn/linear_model/_logistic.py:1457: FutureWarning: 'n_jobs' has no effect since 1.8 and will be removed in 1.10. You provided 'n_jobs=1', please leave it unspecified.
  warnings.warn(msg, category=FutureWarning)
/home/lmy/anaconda3/envs/iotcls/lib/python3.11/site-packages/sklearn/linear_model/_logistic.py:1457: FutureWarning: 'n_jobs' has no effect since 1.8 and will be removed in 1.10. You provided 'n_jobs=1', please leave it unspecified.
  warnings.warn(msg, category=FutureWarning)
/home/lmy/anaconda3/envs/iotcls/lib/python3.11/site-packages/sklearn/linear_model/_logistic.py:1457: FutureWarning: 'n_jobs' has no effect since 1.8 and will be removed in 1.10. You provided 'n_jobs=1', please leave it unspecified.
  warnings.warn(msg, category=FutureWarning)
/home/lmy/anaconda3/envs/iotcls/lib/python3.11/site-packages/sklearn/linear_model/_logistic.py:1457: FutureWarning: 'n_jobs' has no effect since 1.8 and will be removed in 1.10. You provided 'n_jobs=1', please leave it unspecified.
  warnings.warn(msg, category=FutureWarning)
/home/lmy/anaconda3/envs/iotcls/lib/python3.11/site-packages/sklearn/linear_model/_logistic.py:1457: FutureWarning: 'n_jobs' has no effect since 1.8 and will be removed in 1.10. You provided 'n_jobs=1', please leave it unspecified.
  warnings.warn(msg, category=FutureWarning)
/home/lmy/anaconda3/envs/iotcls/lib/python3.11/site-packages/sklearn/linear_model/_logistic.py:1457: FutureWarning: 'n_jobs' has no effect since 1.8 and will be removed in 1.10. You provided 'n_jobs=1', please leave it unspecified.
  warnings.warn(msg, category=FutureWarning)
/home/lmy/anaconda3/envs/iotcls/lib/python3.11/site-packages/sklearn/linear_model/_logistic.py:1457: FutureWarning: 'n_jobs' has no effect since 1.8 and will be removed in 1.10. You provided 'n_jobs=1', please leave it unspecified.
  warnings.warn(msg, category=FutureWarning)
/home/lmy/anaconda3/envs/iotcls/lib/python3.11/site-packages/sklearn/linear_model/_logistic.py:1457: FutureWarning: 'n_jobs' has no effect since 1.8 and will be removed in 1.10. You provided 'n_jobs=1', please leave it unspecified.
  warnings.warn(msg, category=FutureWarning)
/home/lmy/anaconda3/envs/iotcls/lib/python3.11/site-packages/sklearn/linear_model/_logistic.py:1457: FutureWarning: 'n_jobs' has no effect since 1.8 and will be removed in 1.10. You provided 'n_jobs=1', please leave it unspecified.
  warnings.warn(msg, category=FutureWarning)
/home/lmy/anaconda3/envs/iotcls/lib/python3.11/site-packages/sklearn/linear_model/_logistic.py:1457: FutureWarning: 'n_jobs' has no effect since 1.8 and will be removed in 1.10. You provided 'n_jobs=1', please leave it unspecified.
  warnings.warn(msg, category=FutureWarning)
/home/lmy/anaconda3/envs/iotcls/lib/python3.11/site-packages/sklearn/linear_model/_logistic.py:1457: FutureWarning: 'n_jobs' has no effect since 1.8 and will be removed in 1.10. You provided 'n_jobs=1', please leave it unspecified.
  warnings.warn(msg, category=FutureWarning)
/home/lmy/anaconda3/envs/iotcls/lib/python3.11/site-packages/sklearn/linear_model/_logistic.py:1457: FutureWarning: 'n_jobs' has no effect since 1.8 and will be removed in 1.10. You provided 'n_jobs=1', please leave it unspecified.
  warnings.warn(msg, category=FutureWarning)
/home/lmy/anaconda3/envs/iotcls/lib/python3.11/site-packages/sklearn/linear_model/_logistic.py:1457: FutureWarning: 'n_jobs' has no effect since 1.8 and will be removed in 1.10. You provided 'n_jobs=1', please leave it unspecified.
  warnings.warn(msg, category=FutureWarning)
/home/lmy/anaconda3/envs/iotcls/lib/python3.11/site-packages/sklearn/linear_model/_logistic.py:1457: FutureWarning: 'n_jobs' has no effect since 1.8 and will be removed in 1.10. You provided 'n_jobs=1', please leave it unspecified.
  warnings.warn(msg, category=FutureWarning)
/home/lmy/anaconda3/envs/iotcls/lib/python3.11/site-packages/sklearn/linear_model/_logistic.py:1457: FutureWarning: 'n_jobs' has no effect since 1.8 and will be removed in 1.10. You provided 'n_jobs=1', please leave it unspecified.
  warnings.warn(msg, category=FutureWarning)
/home/lmy/anaconda3/envs/iotcls/lib/python3.11/site-packages/sklearn/linear_model/_logistic.py:1457: FutureWarning: 'n_jobs' has no effect since 1.8 and will be removed in 1.10. You provided 'n_jobs=1', please leave it unspecified.
  warnings.warn(msg, category=FutureWarning)
/home/lmy/anaconda3/envs/iotcls/lib/python3.11/site-packages/sklearn/linear_model/_logistic.py:1457: FutureWarning: 'n_jobs' has no effect since 1.8 and will be removed in 1.10. You provided 'n_jobs=1', please leave it unspecified.
  warnings.warn(msg, category=FutureWarning)
/home/lmy/anaconda3/envs/iotcls/lib/python3.11/site-packages/sklearn/linear_model/_logistic.py:1457: FutureWarning: 'n_jobs' has no effect since 1.8 and will be removed in 1.10. You provided 'n_jobs=1', please leave it unspecified.
  warnings.warn(msg, category=FutureWarning)
/home/lmy/anaconda3/envs/iotcls/lib/python3.11/site-packages/sklearn/linear_model/_logistic.py:1457: FutureWarning: 'n_jobs' has no effect since 1.8 and will be removed in 1.10. You provided 'n_jobs=1', please leave it unspecified.
  warnings.warn(msg, category=FutureWarning)
/home/lmy/anaconda3/envs/iotcls/lib/python3.11/site-packages/sklearn/linear_model/_logistic.py:1457: FutureWarning: 'n_jobs' has no effect since 1.8 and will be removed in 1.10. You provided 'n_jobs=1', please leave it unspecified.
  warnings.warn(msg, category=FutureWarning)
/home/lmy/anaconda3/envs/iotcls/lib/python3.11/site-packages/sklearn/linear_model/_logistic.py:1457: FutureWarning: 'n_jobs' has no effect since 1.8 and will be removed in 1.10. You provided 'n_jobs=1', please leave it unspecified.
  warnings.warn(msg, category=FutureWarning)
/home/lmy/anaconda3/envs/iotcls/lib/python3.11/site-packages/sklearn/linear_model/_logistic.py:1457: FutureWarning: 'n_jobs' has no effect since 1.8 and will be removed in 1.10. You provided 'n_jobs=1', please leave it unspecified.
  warnings.warn(msg, category=FutureWarning)
/home/lmy/anaconda3/envs/iotcls/lib/python3.11/site-packages/sklearn/linear_model/_logistic.py:1457: FutureWarning: 'n_jobs' has no effect since 1.8 and will be removed in 1.10. You provided 'n_jobs=1', please leave it unspecified.
  warnings.warn(msg, category=FutureWarning)
/home/lmy/anaconda3/envs/iotcls/lib/python3.11/site-packages/sklearn/linear_model/_logistic.py:1457: FutureWarning: 'n_jobs' has no effect since 1.8 and will be removed in 1.10. You provided 'n_jobs=1', please leave it unspecified.
  warnings.warn(msg, category=FutureWarning)
/home/lmy/anaconda3/envs/iotcls/lib/python3.11/site-packages/sklearn/linear_model/_logistic.py:1457: FutureWarning: 'n_jobs' has no effect since 1.8 and will be removed in 1.10. You provided 'n_jobs=1', please leave it unspecified.
  warnings.warn(msg, category=FutureWarning)
/home/lmy/anaconda3/envs/iotcls/lib/python3.11/site-packages/sklearn/linear_model/_logistic.py:1457: FutureWarning: 'n_jobs' has no effect since 1.8 and will be removed in 1.10. You provided 'n_jobs=1', please leave it unspecified.
  warnings.warn(msg, category=FutureWarning)
/home/lmy/anaconda3/envs/iotcls/lib/python3.11/site-packages/sklearn/linear_model/_logistic.py:1457: FutureWarning: 'n_jobs' has no effect since 1.8 and will be removed in 1.10. You provided 'n_jobs=1', please leave it unspecified.
  warnings.warn(msg, category=FutureWarning)
/home/lmy/anaconda3/envs/iotcls/lib/python3.11/site-packages/sklearn/linear_model/_logistic.py:1457: FutureWarning: 'n_jobs' has no effect since 1.8 and will be removed in 1.10. You provided 'n_jobs=1', please leave it unspecified.
  warnings.warn(msg, category=FutureWarning)
/home/lmy/anaconda3/envs/iotcls/lib/python3.11/site-packages/sklearn/linear_model/_logistic.py:1457: FutureWarning: 'n_jobs' has no effect since 1.8 and will be removed in 1.10. You provided 'n_jobs=1', please leave it unspecified.
  warnings.warn(msg, category=FutureWarning)
/home/lmy/anaconda3/envs/iotcls/lib/python3.11/site-packages/sklearn/linear_model/_logistic.py:1457: FutureWarning: 'n_jobs' has no effect since 1.8 and will be removed in 1.10. You provided 'n_jobs=1', please leave it unspecified.
  warnings.warn(msg, category=FutureWarning)
/home/lmy/anaconda3/envs/iotcls/lib/python3.11/site-packages/sklearn/linear_model/_logistic.py:1457: FutureWarning: 'n_jobs' has no effect since 1.8 and will be removed in 1.10. You provided 'n_jobs=1', please leave it unspecified.
  warnings.warn(msg, category=FutureWarning)
/home/lmy/anaconda3/envs/iotcls/lib/python3.11/site-packages/sklearn/linear_model/_logistic.py:1457: FutureWarning: 'n_jobs' has no effect since 1.8 and will be removed in 1.10. You provided 'n_jobs=1', please leave it unspecified.
  warnings.warn(msg, category=FutureWarning)
/home/lmy/anaconda3/envs/iotcls/lib/python3.11/site-packages/sklearn/linear_model/_logistic.py:1457: FutureWarning: 'n_jobs' has no effect since 1.8 and will be removed in 1.10. You provided 'n_jobs=1', please leave it unspecified.
  warnings.warn(msg, category=FutureWarning)
/home/lmy/anaconda3/envs/iotcls/lib/python3.11/site-packages/sklearn/linear_model/_logistic.py:1457: FutureWarning: 'n_jobs' has no effect since 1.8 and will be removed in 1.10. You provided 'n_jobs=1', please leave it unspecified.
  warnings.warn(msg, category=FutureWarning)
/home/lmy/anaconda3/envs/iotcls/lib/python3.11/site-packages/sklearn/linear_model/_logistic.py:1457: FutureWarning: 'n_jobs' has no effect since 1.8 and will be removed in 1.10. You provided 'n_jobs=1', please leave it unspecified.
  warnings.warn(msg, category=FutureWarning)
/home/lmy/anaconda3/envs/iotcls/lib/python3.11/site-packages/sklearn/linear_model/_logistic.py:1457: FutureWarning: 'n_jobs' has no effect since 1.8 and will be removed in 1.10. You provided 'n_jobs=1', please leave it unspecified.
  warnings.warn(msg, category=FutureWarning)
/home/lmy/anaconda3/envs/iotcls/lib/python3.11/site-packages/sklearn/linear_model/_logistic.py:1457: FutureWarning: 'n_jobs' has no effect since 1.8 and will be removed in 1.10. You provided 'n_jobs=1', please leave it unspecified.
  warnings.warn(msg, category=FutureWarning)
/home/lmy/anaconda3/envs/iotcls/lib/python3.11/site-packages/sklearn/linear_model/_logistic.py:1457: FutureWarning: 'n_jobs' has no effect since 1.8 and will be removed in 1.10. You provided 'n_jobs=1', please leave it unspecified.
  warnings.warn(msg, category=FutureWarning)
/home/lmy/anaconda3/envs/iotcls/lib/python3.11/site-packages/sklearn/linear_model/_logistic.py:1457: FutureWarning: 'n_jobs' has no effect since 1.8 and will be removed in 1.10. You provided 'n_jobs=1', please leave it unspecified.
  warnings.warn(msg, category=FutureWarning)
/home/lmy/anaconda3/envs/iotcls/lib/python3.11/site-packages/sklearn/linear_model/_logistic.py:1457: FutureWarning: 'n_jobs' has no effect since 1.8 and will be removed in 1.10. You provided 'n_jobs=1', please leave it unspecified.
  warnings.warn(msg, category=FutureWarning)
/home/lmy/anaconda3/envs/iotcls/lib/python3.11/site-packages/sklearn/linear_model/_logistic.py:1457: FutureWarning: 'n_jobs' has no effect since 1.8 and will be removed in 1.10. You provided 'n_jobs=1', please leave it unspecified.
  warnings.warn(msg, category=FutureWarning)
/home/lmy/anaconda3/envs/iotcls/lib/python3.11/site-packages/sklearn/linear_model/_logistic.py:1457: FutureWarning: 'n_jobs' has no effect since 1.8 and will be removed in 1.10. You provided 'n_jobs=1', please leave it unspecified.
  warnings.warn(msg, category=FutureWarning)
/home/lmy/anaconda3/envs/iotcls/lib/python3.11/site-packages/sklearn/linear_model/_logistic.py:1457: FutureWarning: 'n_jobs' has no effect since 1.8 and will be removed in 1.10. You provided 'n_jobs=1', please leave it unspecified.
  warnings.warn(msg, category=FutureWarning)
/home/lmy/anaconda3/envs/iotcls/lib/python3.11/site-packages/sklearn/linear_model/_logistic.py:1457: FutureWarning: 'n_jobs' has no effect since 1.8 and will be removed in 1.10. You provided 'n_jobs=1', please leave it unspecified.
  warnings.warn(msg, category=FutureWarning)
/home/lmy/anaconda3/envs/iotcls/lib/python3.11/site-packages/sklearn/linear_model/_logistic.py:1457: FutureWarning: 'n_jobs' has no effect since 1.8 and will be removed in 1.10. You provided 'n_jobs=1', please leave it unspecified.
  warnings.warn(msg, category=FutureWarning)
/home/lmy/anaconda3/envs/iotcls/lib/python3.11/site-packages/sklearn/linear_model/_logistic.py:1457: FutureWarning: 'n_jobs' has no effect since 1.8 and will be removed in 1.10. You provided 'n_jobs=1', please leave it unspecified.
  warnings.warn(msg, category=FutureWarning)
/home/lmy/anaconda3/envs/iotcls/lib/python3.11/site-packages/sklearn/linear_model/_logistic.py:1457: FutureWarning: 'n_jobs' has no effect since 1.8 and will be removed in 1.10. You provided 'n_jobs=1', please leave it unspecified.
  warnings.warn(msg, category=FutureWarning)
/home/lmy/anaconda3/envs/iotcls/lib/python3.11/site-packages/sklearn/linear_model/_logistic.py:1457: FutureWarning: 'n_jobs' has no effect since 1.8 and will be removed in 1.10. You provided 'n_jobs=1', please leave it unspecified.
  warnings.warn(msg, category=FutureWarning)
/home/lmy/anaconda3/envs/iotcls/lib/python3.11/site-packages/sklearn/linear_model/_logistic.py:1457: FutureWarning: 'n_jobs' has no effect since 1.8 and will be removed in 1.10. You provided 'n_jobs=1', please leave it unspecified.
  warnings.warn(msg, category=FutureWarning)
/home/lmy/anaconda3/envs/iotcls/lib/python3.11/site-packages/sklearn/linear_model/_logistic.py:1457: FutureWarning: 'n_jobs' has no effect since 1.8 and will be removed in 1.10. You provided 'n_jobs=1', please leave it unspecified.
  warnings.warn(msg, category=FutureWarning)
总错误 2507（13.2%）  可测类对 78  反转对(<0.5) 0
错误集中度：top5 71.8%  top10 84.6%  top20 96.1%
  跨域 AUC>=0.95： 61 对，承载  26.0% 的错误
  跨域 AUC<0.70 ：  2 对，承载  43.2% 的错误
  Spearman ρ(错误数, 跨域AUC) = -0.6299
                                    err  cross_auc  占总错误
BelkinWemoMotion|BelkinWemoSwitch  1082     0.6665  43.2
BelkinWemoSwitch|HPPrinter          205     0.9508   8.2
LiFXBulb|WithingsAura               200     0.7875   8.0
BelkinWemoMotion|HPPrinter          170     0.9406   6.8
BelkinWemoMotion|WithingsAura       144     0.8799   5.7
AmazonEcho|LiFXBulb                  86     0.7225   3.4
NetatmoWelcome|WithingsAura          76     0.9233   3.0
BelkinWemoSwitch|NetatmoWelcome      62     0.9609   2.5
BelkinWemoMotion|NetatmoWelcome      48     0.9627   1.9
HPPrinter|SamsungSmartCam            47     0.9717   1.9

====================================================================================
16-09-23 → 16-10-12   10 类  61 列  macro-F1=0.8414  acc=0.8443  n=18055
/home/lmy/anaconda3/envs/iotcls/lib/python3.11/site-packages/sklearn/linear_model/_logistic.py:1457: FutureWarning: 'n_jobs' has no effect since 1.8 and will be removed in 1.10. You provided 'n_jobs=1', please leave it unspecified.
  warnings.warn(msg, category=FutureWarning)
/home/lmy/anaconda3/envs/iotcls/lib/python3.11/site-packages/sklearn/linear_model/_logistic.py:1457: FutureWarning: 'n_jobs' has no effect since 1.8 and will be removed in 1.10. You provided 'n_jobs=1', please leave it unspecified.
  warnings.warn(msg, category=FutureWarning)
/home/lmy/anaconda3/envs/iotcls/lib/python3.11/site-packages/sklearn/linear_model/_logistic.py:1457: FutureWarning: 'n_jobs' has no effect since 1.8 and will be removed in 1.10. You provided 'n_jobs=1', please leave it unspecified.
  warnings.warn(msg, category=FutureWarning)
/home/lmy/anaconda3/envs/iotcls/lib/python3.11/site-packages/sklearn/linear_model/_logistic.py:1457: FutureWarning: 'n_jobs' has no effect since 1.8 and will be removed in 1.10. You provided 'n_jobs=1', please leave it unspecified.
  warnings.warn(msg, category=FutureWarning)
/home/lmy/anaconda3/envs/iotcls/lib/python3.11/site-packages/sklearn/linear_model/_logistic.py:1457: FutureWarning: 'n_jobs' has no effect since 1.8 and will be removed in 1.10. You provided 'n_jobs=1', please leave it unspecified.
  warnings.warn(msg, category=FutureWarning)
/home/lmy/anaconda3/envs/iotcls/lib/python3.11/site-packages/sklearn/linear_model/_logistic.py:1457: FutureWarning: 'n_jobs' has no effect since 1.8 and will be removed in 1.10. You provided 'n_jobs=1', please leave it unspecified.
  warnings.warn(msg, category=FutureWarning)
/home/lmy/anaconda3/envs/iotcls/lib/python3.11/site-packages/sklearn/linear_model/_logistic.py:1457: FutureWarning: 'n_jobs' has no effect since 1.8 and will be removed in 1.10. You provided 'n_jobs=1', please leave it unspecified.
  warnings.warn(msg, category=FutureWarning)
/home/lmy/anaconda3/envs/iotcls/lib/python3.11/site-packages/sklearn/linear_model/_logistic.py:1457: FutureWarning: 'n_jobs' has no effect since 1.8 and will be removed in 1.10. You provided 'n_jobs=1', please leave it unspecified.
  warnings.warn(msg, category=FutureWarning)
/home/lmy/anaconda3/envs/iotcls/lib/python3.11/site-packages/sklearn/linear_model/_logistic.py:1457: FutureWarning: 'n_jobs' has no effect since 1.8 and will be removed in 1.10. You provided 'n_jobs=1', please leave it unspecified.
  warnings.warn(msg, category=FutureWarning)
/home/lmy/anaconda3/envs/iotcls/lib/python3.11/site-packages/sklearn/linear_model/_logistic.py:1457: FutureWarning: 'n_jobs' has no effect since 1.8 and will be removed in 1.10. You provided 'n_jobs=1', please leave it unspecified.
  warnings.warn(msg, category=FutureWarning)
/home/lmy/anaconda3/envs/iotcls/lib/python3.11/site-packages/sklearn/linear_model/_logistic.py:1457: FutureWarning: 'n_jobs' has no effect since 1.8 and will be removed in 1.10. You provided 'n_jobs=1', please leave it unspecified.
  warnings.warn(msg, category=FutureWarning)
/home/lmy/anaconda3/envs/iotcls/lib/python3.11/site-packages/sklearn/linear_model/_logistic.py:1457: FutureWarning: 'n_jobs' has no effect since 1.8 and will be removed in 1.10. You provided 'n_jobs=1', please leave it unspecified.
  warnings.warn(msg, category=FutureWarning)
/home/lmy/anaconda3/envs/iotcls/lib/python3.11/site-packages/sklearn/linear_model/_logistic.py:1457: FutureWarning: 'n_jobs' has no effect since 1.8 and will be removed in 1.10. You provided 'n_jobs=1', please leave it unspecified.
  warnings.warn(msg, category=FutureWarning)
/home/lmy/anaconda3/envs/iotcls/lib/python3.11/site-packages/sklearn/linear_model/_logistic.py:1457: FutureWarning: 'n_jobs' has no effect since 1.8 and will be removed in 1.10. You provided 'n_jobs=1', please leave it unspecified.
  warnings.warn(msg, category=FutureWarning)
/home/lmy/anaconda3/envs/iotcls/lib/python3.11/site-packages/sklearn/linear_model/_logistic.py:1457: FutureWarning: 'n_jobs' has no effect since 1.8 and will be removed in 1.10. You provided 'n_jobs=1', please leave it unspecified.
  warnings.warn(msg, category=FutureWarning)
/home/lmy/anaconda3/envs/iotcls/lib/python3.11/site-packages/sklearn/linear_model/_logistic.py:1457: FutureWarning: 'n_jobs' has no effect since 1.8 and will be removed in 1.10. You provided 'n_jobs=1', please leave it unspecified.
  warnings.warn(msg, category=FutureWarning)
/home/lmy/anaconda3/envs/iotcls/lib/python3.11/site-packages/sklearn/linear_model/_logistic.py:1457: FutureWarning: 'n_jobs' has no effect since 1.8 and will be removed in 1.10. You provided 'n_jobs=1', please leave it unspecified.
  warnings.warn(msg, category=FutureWarning)
/home/lmy/anaconda3/envs/iotcls/lib/python3.11/site-packages/sklearn/linear_model/_logistic.py:1457: FutureWarning: 'n_jobs' has no effect since 1.8 and will be removed in 1.10. You provided 'n_jobs=1', please leave it unspecified.
  warnings.warn(msg, category=FutureWarning)
/home/lmy/anaconda3/envs/iotcls/lib/python3.11/site-packages/sklearn/linear_model/_logistic.py:1457: FutureWarning: 'n_jobs' has no effect since 1.8 and will be removed in 1.10. You provided 'n_jobs=1', please leave it unspecified.
  warnings.warn(msg, category=FutureWarning)
/home/lmy/anaconda3/envs/iotcls/lib/python3.11/site-packages/sklearn/linear_model/_logistic.py:1457: FutureWarning: 'n_jobs' has no effect since 1.8 and will be removed in 1.10. You provided 'n_jobs=1', please leave it unspecified.
  warnings.warn(msg, category=FutureWarning)
/home/lmy/anaconda3/envs/iotcls/lib/python3.11/site-packages/sklearn/linear_model/_logistic.py:1457: FutureWarning: 'n_jobs' has no effect since 1.8 and will be removed in 1.10. You provided 'n_jobs=1', please leave it unspecified.
  warnings.warn(msg, category=FutureWarning)
/home/lmy/anaconda3/envs/iotcls/lib/python3.11/site-packages/sklearn/linear_model/_logistic.py:1457: FutureWarning: 'n_jobs' has no effect since 1.8 and will be removed in 1.10. You provided 'n_jobs=1', please leave it unspecified.
  warnings.warn(msg, category=FutureWarning)
/home/lmy/anaconda3/envs/iotcls/lib/python3.11/site-packages/sklearn/linear_model/_logistic.py:1457: FutureWarning: 'n_jobs' has no effect since 1.8 and will be removed in 1.10. You provided 'n_jobs=1', please leave it unspecified.
  warnings.warn(msg, category=FutureWarning)
/home/lmy/anaconda3/envs/iotcls/lib/python3.11/site-packages/sklearn/linear_model/_logistic.py:1457: FutureWarning: 'n_jobs' has no effect since 1.8 and will be removed in 1.10. You provided 'n_jobs=1', please leave it unspecified.
  warnings.warn(msg, category=FutureWarning)
/home/lmy/anaconda3/envs/iotcls/lib/python3.11/site-packages/sklearn/linear_model/_logistic.py:1457: FutureWarning: 'n_jobs' has no effect since 1.8 and will be removed in 1.10. You provided 'n_jobs=1', please leave it unspecified.
  warnings.warn(msg, category=FutureWarning)
/home/lmy/anaconda3/envs/iotcls/lib/python3.11/site-packages/sklearn/linear_model/_logistic.py:1457: FutureWarning: 'n_jobs' has no effect since 1.8 and will be removed in 1.10. You provided 'n_jobs=1', please leave it unspecified.
  warnings.warn(msg, category=FutureWarning)
/home/lmy/anaconda3/envs/iotcls/lib/python3.11/site-packages/sklearn/linear_model/_logistic.py:1457: FutureWarning: 'n_jobs' has no effect since 1.8 and will be removed in 1.10. You provided 'n_jobs=1', please leave it unspecified.
  warnings.warn(msg, category=FutureWarning)
/home/lmy/anaconda3/envs/iotcls/lib/python3.11/site-packages/sklearn/linear_model/_logistic.py:1457: FutureWarning: 'n_jobs' has no effect since 1.8 and will be removed in 1.10. You provided 'n_jobs=1', please leave it unspecified.
  warnings.warn(msg, category=FutureWarning)
/home/lmy/anaconda3/envs/iotcls/lib/python3.11/site-packages/sklearn/linear_model/_logistic.py:1457: FutureWarning: 'n_jobs' has no effect since 1.8 and will be removed in 1.10. You provided 'n_jobs=1', please leave it unspecified.
  warnings.warn(msg, category=FutureWarning)
/home/lmy/anaconda3/envs/iotcls/lib/python3.11/site-packages/sklearn/linear_model/_logistic.py:1457: FutureWarning: 'n_jobs' has no effect since 1.8 and will be removed in 1.10. You provided 'n_jobs=1', please leave it unspecified.
  warnings.warn(msg, category=FutureWarning)
/home/lmy/anaconda3/envs/iotcls/lib/python3.11/site-packages/sklearn/linear_model/_logistic.py:1457: FutureWarning: 'n_jobs' has no effect since 1.8 and will be removed in 1.10. You provided 'n_jobs=1', please leave it unspecified.
  warnings.warn(msg, category=FutureWarning)
/home/lmy/anaconda3/envs/iotcls/lib/python3.11/site-packages/sklearn/linear_model/_logistic.py:1457: FutureWarning: 'n_jobs' has no effect since 1.8 and will be removed in 1.10. You provided 'n_jobs=1', please leave it unspecified.
  warnings.warn(msg, category=FutureWarning)
/home/lmy/anaconda3/envs/iotcls/lib/python3.11/site-packages/sklearn/linear_model/_logistic.py:1457: FutureWarning: 'n_jobs' has no effect since 1.8 and will be removed in 1.10. You provided 'n_jobs=1', please leave it unspecified.
  warnings.warn(msg, category=FutureWarning)
/home/lmy/anaconda3/envs/iotcls/lib/python3.11/site-packages/sklearn/linear_model/_logistic.py:1457: FutureWarning: 'n_jobs' has no effect since 1.8 and will be removed in 1.10. You provided 'n_jobs=1', please leave it unspecified.
  warnings.warn(msg, category=FutureWarning)
/home/lmy/anaconda3/envs/iotcls/lib/python3.11/site-packages/sklearn/linear_model/_logistic.py:1457: FutureWarning: 'n_jobs' has no effect since 1.8 and will be removed in 1.10. You provided 'n_jobs=1', please leave it unspecified.
  warnings.warn(msg, category=FutureWarning)
/home/lmy/anaconda3/envs/iotcls/lib/python3.11/site-packages/sklearn/linear_model/_logistic.py:1457: FutureWarning: 'n_jobs' has no effect since 1.8 and will be removed in 1.10. You provided 'n_jobs=1', please leave it unspecified.
  warnings.warn(msg, category=FutureWarning)
/home/lmy/anaconda3/envs/iotcls/lib/python3.11/site-packages/sklearn/linear_model/_logistic.py:1457: FutureWarning: 'n_jobs' has no effect since 1.8 and will be removed in 1.10. You provided 'n_jobs=1', please leave it unspecified.
  warnings.warn(msg, category=FutureWarning)
/home/lmy/anaconda3/envs/iotcls/lib/python3.11/site-packages/sklearn/linear_model/_logistic.py:1457: FutureWarning: 'n_jobs' has no effect since 1.8 and will be removed in 1.10. You provided 'n_jobs=1', please leave it unspecified.
  warnings.warn(msg, category=FutureWarning)
/home/lmy/anaconda3/envs/iotcls/lib/python3.11/site-packages/sklearn/linear_model/_logistic.py:1457: FutureWarning: 'n_jobs' has no effect since 1.8 and will be removed in 1.10. You provided 'n_jobs=1', please leave it unspecified.
  warnings.warn(msg, category=FutureWarning)
/home/lmy/anaconda3/envs/iotcls/lib/python3.11/site-packages/sklearn/linear_model/_logistic.py:1457: FutureWarning: 'n_jobs' has no effect since 1.8 and will be removed in 1.10. You provided 'n_jobs=1', please leave it unspecified.
  warnings.warn(msg, category=FutureWarning)
/home/lmy/anaconda3/envs/iotcls/lib/python3.11/site-packages/sklearn/linear_model/_logistic.py:1457: FutureWarning: 'n_jobs' has no effect since 1.8 and will be removed in 1.10. You provided 'n_jobs=1', please leave it unspecified.
  warnings.warn(msg, category=FutureWarning)
/home/lmy/anaconda3/envs/iotcls/lib/python3.11/site-packages/sklearn/linear_model/_logistic.py:1457: FutureWarning: 'n_jobs' has no effect since 1.8 and will be removed in 1.10. You provided 'n_jobs=1', please leave it unspecified.
  warnings.warn(msg, category=FutureWarning)
/home/lmy/anaconda3/envs/iotcls/lib/python3.11/site-packages/sklearn/linear_model/_logistic.py:1457: FutureWarning: 'n_jobs' has no effect since 1.8 and will be removed in 1.10. You provided 'n_jobs=1', please leave it unspecified.
  warnings.warn(msg, category=FutureWarning)
/home/lmy/anaconda3/envs/iotcls/lib/python3.11/site-packages/sklearn/linear_model/_logistic.py:1457: FutureWarning: 'n_jobs' has no effect since 1.8 and will be removed in 1.10. You provided 'n_jobs=1', please leave it unspecified.
  warnings.warn(msg, category=FutureWarning)
/home/lmy/anaconda3/envs/iotcls/lib/python3.11/site-packages/sklearn/linear_model/_logistic.py:1457: FutureWarning: 'n_jobs' has no effect since 1.8 and will be removed in 1.10. You provided 'n_jobs=1', please leave it unspecified.
  warnings.warn(msg, category=FutureWarning)
总错误 2811（15.6%）  可测类对 45  反转对(<0.5) 1
错误集中度：top5 71.3%  top10 86.1%  top20 98.7%
  跨域 AUC>=0.95： 27 对，承载  17.1% 的错误
  跨域 AUC<0.70 ：  2 对，承载  52.7% 的错误
  Spearman ρ(错误数, 跨域AUC) = -0.5996
                                    err  cross_auc  占总错误
BelkinWemoMotion|BelkinWemoSwitch  1301     0.6720  46.3
BelkinWemoMotion|HPPrinter          217     0.9274   7.7
BelkinWemoSwitch|HPPrinter          196     0.9451   7.0
NetatmoWelcome|TribySpeaker         179     0.4008   6.4
AmazonEcho|TribySpeaker             110     0.8744   3.9
NetatmoWeather|NetatmoWelcome       101     0.9492   3.6
HPPrinter|SamsungSmartCam            87     0.9667   3.1
BelkinWemoMotion|NetatmoWelcome      78     0.9655   2.8
BelkinWemoSwitch|NetatmoWelcome      75     0.9601   2.7
AmazonEcho|NetatmoWeather            75     0.9188   2.7

总耗时 44s
