10 类   130 列   训练 16-09-23   考察 ['16-09-30', '16-10-11', '16-10-12']
考察对：BelkinWemoMotion | BelkinWemoSwitch

专用二分类器 28 个（14 掩码 × 2 模型），全部训练于 16-09-23

  16-09-30  R2     区 n=  5321  在位者=0.5097  天花板=0.6093（lr/掩interarrival）  余量=+0.0996
  16-09-30  R3nR1  区 n=  6054  在位者=0.5122  天花板=0.6034（lr/掩byte）  余量=+0.0912
  16-09-30  R3     区 n=  9763  在位者=0.6964  天花板=0.3746（lr/掩byte）  余量=-0.3218

  16-10-11  R2     区 n=  5086  在位者=0.6294  天花板=0.6266（lr/掩down）  余量=-0.0028
  16-10-11  R3nR1  区 n=  6301  在位者=0.6429  天花板=0.6101（lr/掩down）  余量=-0.0329
  16-10-11  R3     区 n=  9413  在位者=0.7587  天花板=0.4095（lr/掩down）  余量=-0.3492

  16-10-12  R2     区 n=  2942  在位者=0.6322  天花板=0.6275（lr/掩lenhist）  余量=-0.0048
  16-10-12  R3nR1  区 n=  3662  在位者=0.6510  天花板=0.6106（lr/掩down）  余量=-0.0404
  16-10-12  R3     区 n=  5505  在位者=0.7649  天花板=0.4080（lr/掩down）  余量=-0.3569


==========================================================================================
=== Q1/Q2  在位者 vs 天花板（区上准确率）===
day     16-09-30  16-10-11  16-10-12
region                              
R2        0.5097    0.6294    0.6322
R3        0.6964    0.7587    0.7649
R3nR1     0.5122    0.6429    0.6510

天花板：
day     16-09-30  16-10-11  16-10-12
region                              
R2        0.6093    0.6266    0.6275
R3        0.3746    0.4095    0.4080
R3nR1     0.6034    0.6101    0.6106

余量（天花板 − 在位者）：
day     16-09-30  16-10-11  16-10-12
region                              
R2        0.0996   -0.0028   -0.0048
R3       -0.3218   -0.3492   -0.3569
R3nR1     0.0912   -0.0329   -0.0404

判读 H：施加天余量若 ≈0 而选参天余量大 → 第二段在 UNSW 上确实到顶，
        闸门量到的是'那天基线弱'，不是可回收的信息。

==========================================================================================
=== Q3  融合而非替换（R2 区，lr/掩interarrival）===
day   16-09-30  16-10-11  16-10-12
w                                 
0.00    0.5112    0.6302    0.6339
0.25    0.5666    0.6726    0.6734
0.50    0.5756    0.6807    0.6771
0.75    0.5693    0.6807    0.6710
1.00    0.6093    0.6054    0.6091

各天在位者（w=0 行即纯基模型限制到两类）：
day
16-09-30    0.5097
16-10-11    0.6294
16-10-12    0.6322

判读：若存在一个 w 在【三天上同时】不低于各天在位者 → 问题在'硬替换'，第二段可救；
      若最好的 w 就是 0（纯基模型）→ 专用二分类器没带来新信息。
